Component: Arm Compiler for Embedded 6.23 Tool: armlink [5f102400]

==============================================================================

Section Cross References

    startup_stm32f103xb.o(STACK) refers (Special) to heapauxi.o(.text) for __use_two_region_memory
    startup_stm32f103xb.o(HEAP) refers (Special) to heapauxi.o(.text) for __use_two_region_memory
    startup_stm32f103xb.o(RESET) refers (Special) to heapauxi.o(.text) for __use_two_region_memory
    startup_stm32f103xb.o(RESET) refers to startup_stm32f103xb.o(STACK) for __initial_sp
    startup_stm32f103xb.o(RESET) refers to startup_stm32f103xb.o(.text) for Reset_Handler
    startup_stm32f103xb.o(RESET) refers to stm32f1xx_it.o(.text.NMI_Handler) for NMI_Handler
    startup_stm32f103xb.o(RESET) refers to stm32f1xx_it.o(.text.HardFault_Handler) for HardFault_Handler
    startup_stm32f103xb.o(RESET) refers to stm32f1xx_it.o(.text.MemManage_Handler) for MemManage_Handler
    startup_stm32f103xb.o(RESET) refers to stm32f1xx_it.o(.text.BusFault_Handler) for BusFault_Handler
    startup_stm32f103xb.o(RESET) refers to stm32f1xx_it.o(.text.UsageFault_Handler) for UsageFault_Handler
    startup_stm32f103xb.o(RESET) refers to stm32f1xx_it.o(.text.SVC_Handler) for SVC_Handler
    startup_stm32f103xb.o(RESET) refers to stm32f1xx_it.o(.text.DebugMon_Handler) for DebugMon_Handler
    startup_stm32f103xb.o(RESET) refers to stm32f1xx_it.o(.text.PendSV_Handler) for PendSV_Handler
    startup_stm32f103xb.o(RESET) refers to stm32f1xx_it.o(.text.SysTick_Handler) for SysTick_Handler
    startup_stm32f103xb.o(RESET) refers to stm32f1xx_it.o(.text.DMA1_Channel4_IRQHandler) for DMA1_Channel4_IRQHandler
    startup_stm32f103xb.o(RESET) refers to stm32f1xx_it.o(.text.DMA1_Channel5_IRQHandler) for DMA1_Channel5_IRQHandler
    startup_stm32f103xb.o(RESET) refers to main.o(.text.EXTI9_5_IRQHandler) for EXTI9_5_IRQHandler
    startup_stm32f103xb.o(RESET) refers to stm32f1xx_it.o(.text.TIM2_IRQHandler) for TIM2_IRQHandler
    startup_stm32f103xb.o(RESET) refers to stm32f1xx_it.o(.text.USART1_IRQHandler) for USART1_IRQHandler
    startup_stm32f103xb.o(.text) refers (Special) to heapauxi.o(.text) for __use_two_region_memory
    startup_stm32f103xb.o(.text) refers to system_stm32f1xx.o(.text.SystemInit) for SystemInit
    startup_stm32f103xb.o(.text) refers to __main.o(!!!main) for __main
    startup_stm32f103xb.o(.text) refers to startup_stm32f103xb.o(HEAP) for Heap_Mem
    startup_stm32f103xb.o(.text) refers to startup_stm32f103xb.o(STACK) for Stack_Mem
    bno055_driver.o(.text.bno055_reset) refers to bno055_stm32_platform.o(.text.bno055_write_data) for bno055_write_data
    bno055_driver.o(.text.bno055_reset) refers to bno055_stm32_platform.o(.text.bno055_delay) for bno055_delay
    bno055_driver.o(.ARM.exidx.text.bno055_reset) refers to bno055_driver.o(.text.bno055_reset) for [Anonymous Symbol]
    bno055_driver.o(.text.bno055_get_operation_mode) refers to bno055_stm32_platform.o(.text.bno055_read_data) for bno055_read_data
    bno055_driver.o(.ARM.exidx.text.bno055_get_operation_mode) refers to bno055_driver.o(.text.bno055_get_operation_mode) for [Anonymous Symbol]
    bno055_driver.o(.text.bno055_set_operation_mode) refers to bno055_stm32_platform.o(.text.bno055_write_data) for bno055_write_data
    bno055_driver.o(.text.bno055_set_operation_mode) refers to bno055_stm32_platform.o(.text.bno055_delay) for bno055_delay
    bno055_driver.o(.ARM.exidx.text.bno055_set_operation_mode) refers to bno055_driver.o(.text.bno055_set_operation_mode) for [Anonymous Symbol]
    bno055_driver.o(.text.bno055_set_operation_mode_config) refers to bno055_stm32_platform.o(.text.bno055_write_data) for bno055_write_data
    bno055_driver.o(.text.bno055_set_operation_mode_config) refers to bno055_stm32_platform.o(.text.bno055_delay) for bno055_delay
    bno055_driver.o(.ARM.exidx.text.bno055_set_operation_mode_config) refers to bno055_driver.o(.text.bno055_set_operation_mode_config) for [Anonymous Symbol]
    bno055_driver.o(.text.bno055_set_operation_mode_NDOF) refers to bno055_stm32_platform.o(.text.bno055_write_data) for bno055_write_data
    bno055_driver.o(.text.bno055_set_operation_mode_NDOF) refers to bno055_stm32_platform.o(.text.bno055_delay) for bno055_delay
    bno055_driver.o(.ARM.exidx.text.bno055_set_operation_mode_NDOF) refers to bno055_driver.o(.text.bno055_set_operation_mode_NDOF) for [Anonymous Symbol]
    bno055_driver.o(.text.bno055_enable_external_crystal) refers to bno055_stm32_platform.o(.text.bno055_write_data) for bno055_write_data
    bno055_driver.o(.text.bno055_enable_external_crystal) refers to bno055_stm32_platform.o(.text.bno055_read_data) for bno055_read_data
    bno055_driver.o(.text.bno055_enable_external_crystal) refers to bno055_stm32_platform.o(.text.bno055_delay) for bno055_delay
[...]
    stm32f1xx_hal_iwdg.c                     0x00000000   Number         0  stm32f1xx_hal_iwdg.o ABSOLUTE
    stm32f1xx_hal_msp.c                      0x00000000   Number         0  stm32f1xx_hal_msp.o ABSOLUTE
    stm32f1xx_hal_pwr.c                      0x00000000   Number         0  stm32f1xx_hal_pwr.o ABSOLUTE
    stm32f1xx_hal_rcc.c                      0x00000000   Number         0  stm32f1xx_hal_rcc.o ABSOLUTE
    stm32f1xx_hal_rcc_ex.c                   0x00000000   Number         0  stm32f1xx_hal_rcc_ex.o ABSOLUTE
    stm32f1xx_hal_tim.c                      0x00000000   Number         0  stm32f1xx_hal_tim.o ABSOLUTE
    stm32f1xx_hal_tim_ex.c                   0x00000000   Number         0  stm32f1xx_hal_tim_ex.o ABSOLUTE
    stm32f1xx_hal_uart.c                     0x00000000   Number         0  stm32f1xx_hal_uart.o ABSOLUTE
    stm32f1xx_it.c                           0x00000000   Number         0  stm32f1xx_it.o ABSOLUTE
    system_stm32f1xx.c                       0x00000000   Number         0  system_stm32f1xx.o ABSOLUTE
    vl53l1_platform.c                        0x00000000   Number         0  vl53l1_platform.o ABSOLUTE
    RESET                                    0x08000000   Section      236  startup_stm32f103xb.o(RESET)
    !!!main                                  0x080000ec   Section        8  __main.o(!!!main)
    !!!scatter                               0x080000f4   Section       92  __scatter.o(!!!scatter)
    !!handler_copy                           0x08000150   Section       26  __scatter_copy.o(!!handler_copy)
    !!handler_null                           0x0800016c   Section        2  __scatter.o(!!handler_null)
    !!handler_zi                             0x08000170   Section       28  __scatter_zi.o(!!handler_zi)
    .ARM.Collect$$libinit$$00000000          0x0800018c   Section        2  libinit.o(.ARM.Collect$$libinit$$00000000)
    .ARM.Collect$$libinit$$00000002          0x0800018e   Section        0  libinit2.o(.ARM.Collect$$libinit$$00000002)
    .ARM.Collect$$libinit$$00000004          0x0800018e   Section        0  libinit2.o(.ARM.Collect$$libinit$$00000004)
    .ARM.Collect$$libinit$$00000006          0x0800018e   Section        0  libinit2.o(.ARM.Collect$$libinit$$00000006)
    .ARM.Collect$$libinit$$0000000C          0x0800018e   Section        0  libinit2.o(.ARM.Collect$$libinit$$0000000C)
    .ARM.Collect$$libinit$$0000000E          0x0800018e   Section        0  libinit2.o(.ARM.Collect$$libinit$$0000000E)
    .ARM.Collect$$libinit$$00000010          0x0800018e   Section        0  libinit2.o(.ARM.Collect$$libinit$$00000010)
    .ARM.Collect$$libinit$$00000013          0x0800018e   Section        0  libinit2.o(.ARM.Collect$$libinit$$00000013)
    .ARM.Collect$$libinit$$00000015          0x0800018e   Section        0  libinit2.o(.ARM.Collect$$libinit$$00000015)
    .ARM.Collect$$libinit$$00000017          0x0800018e   Section        0  libinit2.o(.ARM.Collect$$libinit$$00000017)
    .ARM.Collect$$libinit$$00000019          0x0800018e   Section        0  libinit2.o(.ARM.Collect$$libinit$$00000019)
    .ARM.Collect$$libinit$$0000001B          0x0800018e   Section        0  libinit2.o(.ARM.Collect$$libinit$$0000001B)
    .ARM.Collect$$libinit$$0000001D          0x0800018e   Section        0  libinit2.o(.ARM.Collect$$libinit$$0000001D)
    .ARM.Collect$$libinit$$0000001F          0x0800018e   Section        0  libinit2.o(.ARM.Collect$$libinit$$0000001F)
    .ARM.Collect$$libinit$$00000021          0x0800018e   Section        0  libinit2.o(.ARM.Collect$$libinit$$00000021)
    .ARM.Collect$$libinit$$00000023          0x0800018e   Section        0  libinit2.o(.ARM.Collect$$libinit$$00000023)
    .ARM.Collect$$libinit$$00000025          0x0800018e   Section        0  libinit2.o(.ARM.Collect$$libinit$$00000025)
    .ARM.Collect$$libinit$$00000027          0x0800018e   Section        0  libinit2.o(.ARM.Collect$$libinit$$00000027)
    .ARM.Collect$$libinit$$0000002E          0x0800018e   Section        0  libinit2.o(.ARM.Collect$$libinit$$0000002E)
    .ARM.Collect$$libinit$$00000030          0x0800018e   Section        0  libinit2.o(.ARM.Collect$$libinit$$00000030)
    .ARM.Collect$$libinit$$00000032          0x0800018e   Section        0  libinit2.o(.ARM.Collect$$libinit$$00000032)
    .ARM.Collect$$libinit$$00000034          0x0800018e   Section        0  libinit2.o(.ARM.Collect$$libinit$$00000034)
    .ARM.Collect$$libinit$$00000035          0x0800018e   Section        2  libinit2.o(.ARM.Collect$$libinit$$00000035)
    .ARM.Collect$$libshutdown$$00000000      0x08000190   Section        2  libshutdown.o(.ARM.Collect$$libshutdown$$00000000)
    .ARM.Collect$$libshutdown$$00000002      0x08000192   Section        0  libshutdown2.o(.ARM.Collect$$libshutdown$$00000002)
    .ARM.Collect$$libshutdown$$00000004      0x08000192   Section        0  libshutdown2.o(.ARM.Collect$$libshutdown$$00000004)
    .ARM.Collect$$libshutdown$$00000007      0x08000192   Section        0  libshutdown2.o(.ARM.Collect$$libshutdown$$00000007)
    .ARM.Collect$$libshutdown$$0000000A      0x08000192   Section        0  libshutdown2.o(.ARM.Collect$$libshutdown$$0000000A)
    .ARM.Collect$$libshutdown$$0000000C      0x08000192   Section        0  libshutdown2.o(.ARM.Collect$$libshutdown$$0000000C)
    .ARM.Collect$$libshutdown$$0000000F      0x08000192   Section        0  libshutdown2.o(.ARM.Collect$$libshutdown$$0000000F)
    .ARM.Collect$$libshutdown$$00000010      0x08000192   Section        2  libshutdown2.o(.ARM.Collect$$libshutdown$$00000010)
    .ARM.Collect$$rtentry$$00000000          0x08000194   Section        0  __rtentry.o(.ARM.Collect$$rtentry$$00000000)
    .ARM.Collect$$rtentry$$00000002          0x08000194   Section        0  __rtentry2.o(.ARM.Collect$$rtentry$$00000002)
    .ARM.Collect$$rtentry$$00000004          0x08000194   Section        6  __rtentry4.o(.ARM.Collect$$rtentry$$00000004)
    .ARM.Collect$$rtentry$$00000009          0x0800019a   Section        0  __rtentry2.o(.ARM.Collect$$rtentry$$00000009)
    .ARM.Collect$$rtentry$$0000000A          0x0800019a   Section        4  __rtentry2.o(.ARM.Collect$$rtentry$$0000000A)
    .ARM.Collect$$rtentry$$0000000C          0x0800019e   Section        0  __rtentry2.o(.ARM.Collect$$rtentry$$0000000C)
    .ARM.Collect$$rtentry$$0000000D          0x0800019e   Section        8  __rtentry2.o(.ARM.Collect$$rtentry$$0000000D)
    .ARM.Collect$$rtexit$$00000000           0x080001a6   Section        2  rtexit.o(.ARM.Collect$$rtexit$$00000000)
    .ARM.Collect$$rtexit$$00000002           0x080001a8   Section        0  rtexit2.o(.ARM.Collect$$rtexit$$00000002)
    .ARM.Collect$$rtexit$$00000003           0x080001a8   Section        4  rtexit2.o(.ARM.Collect$$rtexit$$00000003)
    .ARM.Collect$$rtexit$$00000004           0x080001ac   Section        6  rtexit2.o(.ARM.Collect$$rtexit$$00000004)
    .text                                    0x080001b4   Section       64  startup_stm32f103xb.o(.text)
    .text                                    0x080001f4   Section        0  heapauxi.o(.text)
    .text                                    0x080001fa   Section       74  sys_stackheap_outer.o(.text)
    .text                                    0x08000244   Section        0  exit.o(.text)
    .text                                    0x08000258   Section        8  libspace.o(.text)
    .text                                    0x08000260   Section        0  sys_exit.o(.text)
    .text                                    0x0800026c   Section        2  use_no_semi.o(.text)
    .text                                    0x0800026e   Section        0  indicate_semi.o(.text)
    [Anonymous Symbol]                       0x08000270   Section        0  stm32f1xx_it.o(.text.BusFault_Handler)
    [Anonymous Symbol]                       0x08000274   Section        0  stm32f1xx_it.o(.text.DMA1_Channel4_IRQHandler)
    [Anonymous Symbol]                       0x08000280   Section        0  stm32f1xx_it.o(.text.DMA1_Channel5_IRQHandler)
    [Anonymous Symbol]                       0x0800028c   Section        0  stm32f1xx_it.o(.text.DebugMon_Handler)
    [Anonymous Symbol]                       0x08000290   Section        0  main.o(.text.EXTI9_5_IRQHandler)
    [Anonymous Symbol]                       0x080002f8   Section        0  main.o(.text.Error_Handler)
    [Anonymous Symbol]                       0x08000304   Section        0  stm32f1xx_hal_dma.o(.text.HAL_DMA_Abort)
    [Anonymous Symbol]                       0x0800034c   Section        0  stm32f1xx_hal_dma.o(.text.HAL_DMA_Abort_IT)
    [Anonymous Symbol]                       0x08000404   Section        0  stm32f1xx_hal_dma.o(.text.HAL_DMA_IRQHandler)
    [Anonymous Symbol]                       0x080005a4   Section        0  stm32f1xx_hal_dma.o(.text.HAL_DMA_Init)
    [Anonymous Symbol]                       0x08000628   Section        0  stm32f1xx_hal_dma.o(.text.HAL_DMA_Start_IT)
    [Anonymous Symbol]                       0x080006c8   Section        0  stm32f1xx_hal.o(.text.HAL_Delay)
    [Anonymous Symbol]                       0x080006f0   Section        0  stm32f1xx_hal_gpio.o(.text.HAL_GPIO_EXTI_Callback)
    [Anonymous Symbol]                       0x080006f4   Section        0  stm32f1xx_hal_gpio.o(.text.HAL_GPIO_EXTI_IRQHandler)
    [Anonymous Symbol]                       0x0800070c   Section        0  stm32f1xx_hal_gpio.o(.text.HAL_GPIO_Init)
    [Anonymous Symbol]                       0x0800091c   Section        0  stm32f1xx_hal_gpio.o(.text.HAL_GPIO_WritePin)
    [Anonymous Symbol]                       0x08000928   Section        0  stm32f1xx_hal.o(.text.HAL_GetTick)
    [Anonymous Symbol]                       0x08000934   Section        0  stm32f1xx_hal_i2c.o(.text.HAL_I2C_Init)
    [Anonymous Symbol]                       0x08000a98   Section        0  stm32f1xx_hal_i2c.o(.text.HAL_I2C_Master_Receive)
    [Anonymous Symbol]                       0x08000e98   Section        0  stm32f1xx_hal_i2c.o(.text.HAL_I2C_Master_Transmit)
    [Anonymous Symbol]                       0x08001074   Section        0  stm32f1xx_hal_i2c.o(.text.HAL_I2C_Mem_Read)
    [Anonymous Symbol]                       0x080013c0   Section        0  stm32f1xx_hal_i2c.o(.text.HAL_I2C_Mem_Write)
    [Anonymous Symbol]                       0x0800151c   Section        0  stm32f1xx_hal_msp.o(.text.HAL_I2C_MspInit)
    [Anonymous Symbol]                       0x080015d8   Section        0  stm32f1xx_hal_iwdg.o(.text.HAL_IWDG_Init)
    [Anonymous Symbol]                       0x08001638   Section        0  stm32f1xx_hal_iwdg.o(.text.HAL_IWDG_Refresh)
    [Anonymous Symbol]                       0x08001644   Section        0  stm32f1xx_hal.o(.text.HAL_IncTick)
    [Anonymous Symbol]                       0x08001660   Section        0  stm32f1xx_hal.o(.text.HAL_Init)
    [Anonymous Symbol]                       0x08001688   Section        0  stm32f1xx_hal.o(.text.HAL_InitTick)
    [Anonymous Symbol]                       0x080016d0   Section        0  stm32f1xx_hal_msp.o(.text.HAL_MspInit)
    [Anonymous Symbol]                       0x08001714   Section        0  stm32f1xx_hal_cortex.o(.text.HAL_NVIC_EnableIRQ)
    [Anonymous Symbol]                       0x08001738   Section        0  stm32f1xx_hal_cortex.o(.text.HAL_NVIC_SetPriority)
    [Anonymous Symbol]                       0x08001790   Section        0  stm32f1xx_hal_cortex.o(.text.HAL_NVIC_SetPriorityGrouping)
    [Anonymous Symbol]                       0x080017b0   Section        0  stm32f1xx_hal_rcc.o(.text.HAL_RCC_ClockConfig)
    [Anonymous Symbol]                       0x0800196c   Section        0  stm32f1xx_hal_rcc.o(.text.HAL_RCC_GetPCLK1Freq)
    [Anonymous Symbol]                       0x08001994   Section        0  stm32f1xx_hal_rcc.o(.text.HAL_RCC_GetPCLK2Freq)
    [Anonymous Symbol]                       0x080019bc   Section        0  stm32f1xx_hal_rcc.o(.text.HAL_RCC_OscConfig)
    [Anonymous Symbol]                       0x08001dbc   Section        0  stm32f1xx_hal_cortex.o(.text.HAL_SYSTICK_Config)
    [Anonymous Symbol]                       0x08001de8   Section        0  stm32f1xx_hal_tim_ex.o(.text.HAL_TIMEx_BreakCallback)
    [Anonymous Symbol]                       0x08001dec   Section        0  stm32f1xx_hal_tim_ex.o(.text.HAL_TIMEx_CommutCallback)
    [Anonymous Symbol]                       0x08001df0   Section        0  stm32f1xx_hal_tim_ex.o(.text.HAL_TIMEx_MasterConfigSynchronization)
    [Anonymous Symbol]                       0x08001e70   Section        0  stm32f1xx_hal_tim.o(.text.HAL_TIM_Base_Init)
    [Anonymous Symbol]                       0x08001f6c   Section        0  stm32f1xx_hal_msp.o(.text.HAL_TIM_Base_MspInit)
    [Anonymous Symbol]                       0x08001fac   Section        0  stm32f1xx_hal_tim.o(.text.HAL_TIM_Base_Start_IT)
    [Anonymous Symbol]                       0x0800201c   Section        0  stm32f1xx_hal_tim.o(.text.HAL_TIM_ConfigClockSource)
    [Anonymous Symbol]                       0x080021bc   Section        0  stm32f1xx_hal_tim.o(.text.HAL_TIM_IC_CaptureCallback)
    [Anonymous Symbol]                       0x080021c0   Section        0  stm32f1xx_hal_tim.o(.text.HAL_TIM_IRQHandler)
    [Anonymous Symbol]                       0x08002310   Section        0  stm32f1xx_hal_tim.o(.text.HAL_TIM_OC_DelayElapsedCallback)
    [Anonymous Symbol]                       0x08002314   Section        0  stm32f1xx_hal_tim.o(.text.HAL_TIM_PWM_PulseFinishedCallback)
    [Anonymous Symbol]                       0x08002318   Section        0  main.o(.text.HAL_TIM_PeriodElapsedCallback)
    [Anonymous Symbol]                       0x08002330   Section        0  stm32f1xx_hal_tim.o(.text.HAL_TIM_TriggerCallback)
    [Anonymous Symbol]                       0x08002334   Section        0  stm32f1xx_hal_uart.o(.text.HAL_UARTEx_ReceiveToIdle_DMA)
    [Anonymous Symbol]                       0x08002518   Section        0  main.o(.text.HAL_UARTEx_RxEventCallback)
    [Anonymous Symbol]                       0x08002558   Section        0  main.o(.text.HAL_UART_ErrorCallback)
    [Anonymous Symbol]                       0x080025bc   Section        0  stm32f1xx_hal_uart.o(.text.HAL_UART_IRQHandler)
    [Anonymous Symbol]                       0x08002b2c   Section        0  stm32f1xx_hal_uart.o(.text.HAL_UART_Init)
    [Anonymous Symbol]                       0x08002c10   Section        0  stm32f1xx_hal_msp.o(.text.HAL_UART_MspInit)
    [Anonymous Symbol]                       0x08002d18   Section        0  stm32f1xx_hal_uart.o(.text.HAL_UART_RxCpltCallback)
    [Anonymous Symbol]                       0x08002d1c   Section        0  stm32f1xx_hal_uart.o(.text.HAL_UART_RxHalfCpltCallback)
    [Anonymous Symbol]                       0x08002d20   Section        0  stm32f1xx_hal_uart.o(.text.HAL_UART_Transmit)
    [Anonymous Symbol]                       0x08002eb4   Section        0  main.o(.text.HAL_UART_TxCpltCallback)
    [Anonymous Symbol]                       0x08002ed4   Section        0  stm32f1xx_it.o(.text.HardFault_Handler)
    I2C_RequestMemoryRead                    0x08002ed9   Thumb Code   274  stm32f1xx_hal_i2c.o(.text.I2C_RequestMemoryRead)
    [Anonymous Symbol]                       0x08002ed8   Section        0  stm32f1xx_hal_i2c.o(.text.I2C_RequestMemoryRead)
    I2C_RequestMemoryWrite                   0x08002fed   Thumb Code   200  stm32f1xx_hal_i2c.o(.text.I2C_RequestMemoryWrite)
    [Anonymous Symbol]                       0x08002fec   Section        0  stm32f1xx_hal_i2c.o(.text.I2C_RequestMemoryWrite)
    I2C_WaitOnBTFFlagUntilTimeout            0x080030b5   Thumb Code   186  stm32f1xx_hal_i2c.o(.text.I2C_WaitOnBTFFlagUntilTimeout)
    [Anonymous Symbol]                       0x080030b4   Section        0  stm32f1xx_hal_i2c.o(.text.I2C_WaitOnBTFFlagUntilTimeout)
    I2C_WaitOnFlagUntilTimeout               0x08003171   Thumb Code   458  stm32f1xx_hal_i2c.o(.text.I2C_WaitOnFlagUntilTimeout)
    [Anonymous Symbol]                       0x08003170   Section        0  stm32f1xx_hal_i2c.o(.text.I2C_WaitOnFlagUntilTimeout)
    I2C_WaitOnMasterAddressFlagUntilTimeout  0x0800333d   Thumb Code   214  stm32f1xx_hal_i2c.o(.text.I2C_WaitOnMasterAddressFlagUntilTimeout)
    [Anonymous Symbol]                       0x0800333c   Section        0  stm32f1xx_hal_i2c.o(.text.I2C_WaitOnMasterAddressFlagUntilTimeout)
    I2C_WaitOnRXNEFlagUntilTimeout           0x08003415   Thumb Code   144  stm32f1xx_hal_i2c.o(.text.I2C_WaitOnRXNEFlagUntilTimeout)
    [Anonymous Symbol]                       0x08003414   Section        0  stm32f1xx_hal_i2c.o(.text.I2C_WaitOnRXNEFlagUntilTimeout)
    I2C_WaitOnTXEFlagUntilTimeout            0x080034a5   Thumb Code   186  stm32f1xx_hal_i2c.o(.text.I2C_WaitOnTXEFlagUntilTimeout)
    [Anonymous Symbol]                       0x080034a4   Section        0  stm32f1xx_hal_i2c.o(.text.I2C_WaitOnTXEFlagUntilTimeout)
    [Anonymous Symbol]                       0x08003560   Section        0  stm32f1xx_it.o(.text.MemManage_Handler)
    [Anonymous Symbol]                       0x08003564   Section        0  stm32f1xx_it.o(.text.NMI_Handler)
    [Anonymous Symbol]                       0x08003568   Section        0  stm32f1xx_it.o(.text.PendSV_Handler)
    [Anonymous Symbol]                       0x0800356c   Section        0  stm32f1xx_it.o(.text.SVC_Handler)
    [Anonymous Symbol]                       0x08003570   Section        0  stm32f1xx_it.o(.text.SysTick_Handler)
    [Anonymous Symbol]                       0x08003574   Section        0  system_stm32f1xx.o(.text.SystemInit)
    [Anonymous Symbol]                       0x08003578   Section        0  stm32f1xx_it.o(.text.TIM2_IRQHandler)
    UART_DMAAbortOnError                     0x08003585   Thumb Code    12  stm32f1xx_hal_uart.o(.text.UART_DMAAbortOnError)
    [Anonymous Symbol]                       0x08003584   Section        0  stm32f1xx_hal_uart.o(.text.UART_DMAAbortOnError)
    UART_DMAError                            0x08003591   Thumb Code   380  stm32f1xx_hal_uart.o(.text.UART_DMAError)
    [Anonymous Symbol]                       0x08003590   Section        0  stm32f1xx_hal_uart.o(.text.UART_DMAError)
    UART_DMAReceiveCplt                      0x0800370d   Thumb Code   350  stm32f1xx_hal_uart.o(.text.UART_DMAReceiveCplt)
    [Anonymous Symbol]                       0x0800370c   Section        0  stm32f1xx_hal_uart.o(.text.UART_DMAReceiveCplt)
    UART_DMARxHalfCplt                       0x0800386d   Thumb Code    24  stm32f1xx_hal_uart.o(.text.UART_DMARxHalfCplt)
    [Anonymous Symbol]                       0x0800386c   Section        0  stm32f1xx_hal_uart.o(.text.UART_DMARxHalfCplt)
    UART_Receive_IT                          0x08003885   Thumb Code   254  stm32f1xx_hal_uart.o(.text.UART_Receive_IT)
    [Anonymous Symbol]                       0x08003884   Section        0  stm32f1xx_hal_uart.o(.text.UART_Receive_IT)
    [Anonymous Symbol]                       0x08003984   Section        0  stm32f1xx_it.o(.text.USART1_IRQHandler)
    [Anonymous Symbol]                       0x08003990   Section        0  stm32f1xx_it.o(.text.UsageFault_Handler)
    [Anonymous Symbol]                       0x08003994   Section        0  vl53l1x_api.o(.text.VL53L1X_ClearInterrupt)
    [Anonymous Symbol]                       0x0800399c   Section        0  vl53l1x_api.o(.text.VL53L1X_GetDistance)
    [Anonymous Symbol]                       0x080039b8   Section        0  vl53l1x_api.o(.text.VL53L1X_GetRangeStatus)
    [Anonymous Symbol]                       0x080039e8   Section        0  vl53l1x_api.o(.text.VL53L1X_SensorInit)
    [Anonymous Symbol]                       0x08003acc   Section        0  vl53l1x_api.o(.text.VL53L1X_SetDistanceMode)
    [Anonymous Symbol]                       0x08003c08   Section        0  vl53l1x_api.o(.text.VL53L1X_SetTimingBudgetInMs)
    [Anonymous Symbol]                       0x08003d24   Section        0  vl53l1x_api.o(.text.VL53L1X_StartRanging)
    [Anonymous Symbol]                       0x08003d2c   Section        0  vl53l1_platform.o(.text.VL53L1_RdByte)
    [Anonymous Symbol]                       0x08003d64   Section        0  vl53l1_platform.o(.text.VL53L1_RdWord)
    [Anonymous Symbol]                       0x08003da4   Section        0  vl53l1_platform.o(.text.VL53L1_ReadMulti)
    [Anonymous Symbol]                       0x08003ddc   Section        0  vl53l1_platform.o(.text.VL53L1_WaitMs)
    [Anonymous Symbol]                       0x08003de4   Section        0  vl53l1_platform.o(.text.VL53L1_WrByte)
    [Anonymous Symbol]                       0x08003e24   Section        0  vl53l1_platform.o(.text.VL53L1_WrDWord)
    [Anonymous Symbol]                       0x08003e60   Section        0  vl53l1_platform.o(.text.VL53L1_WrWord)
    [Anonymous Symbol]                       0x08003ea0   Section        0  vl53l1x_api.o(.text.VL53L1__Init)
    [Anonymous Symbol]                       0x080040e4   Section        0  vl53l1x_api.o(.text.VL53L1__Xshut)
    __NVIC_SystemReset                       0x0800414d   Thumb Code    42  main.o(.text.__NVIC_SystemReset)
    [Anonymous Symbol]                       0x0800414c   Section        0  main.o(.text.__NVIC_SystemReset)
    [Anonymous Symbol]                       0x08004178   Section        0  bno055_stm32_platform.o(.text.bno055_assignI2C)
    [Anonymous Symbol]                       0x08004184   Section        0  bno055_stm32_platform.o(.text.bno055_delay)
    [Anonymous Symbol]                       0x08004188   Section        0  bno055_driver.o(.text.bno055_get_vector_euler)
    [Anonymous Symbol]                       0x080041ec   Section        0  bno055_stm32_platform.o(.text.bno055_read_data)
    [Anonymous Symbol]                       0x08004248   Section        0  bno055_driver.o(.text.bno055_set_operation_mode)
    [Anonymous Symbol]                       0x08004264   Section        0  bno055_driver.o(.text.bno055_setup)
    [Anonymous Symbol]                       0x080042b8   Section        0  bno055_stm32_platform.o(.text.bno055_write_data)
    [Anonymous Symbol]                       0x080042fc   Section        0  main.o(.text.main)
    [Anonymous Symbol]                       0x080049c4   Section        0  vl53l1_platform.o(.text.vl53l1x_assignI2C)
    x$fpl$dfixu                              0x080049d0   Section       90  dfixu.o(x$fpl$dfixu)
    x$fpl$dfltu                              0x08004a2a   Section       38  dflt_clz.o(x$fpl$dfltu)
    x$fpl$dmul                               0x08004a50   Section      340  dmul.o(x$fpl$dmul)
    x$fpl$dnaninf                            0x08004ba4   Section      156  dnaninf.o(x$fpl$dnaninf)
    x$fpl$dretinf                            0x08004c40   Section       12  dretinf.o(x$fpl$dretinf)
    x$fpl$fcmp                               0x08004c4c   Section       84  fcmp.o(x$fpl$fcmp)
    x$fpl$fcmpinf                            0x08004ca0   Section       24  fcmpi.o(x$fpl$fcmpinf)
    _fdiv1                                   0x08004cb9   Thumb Code     0  fdiv.o(x$fpl$fdiv)
    x$fpl$fdiv                               0x08004cb8   Section      388  fdiv.o(x$fpl$fdiv)
    x$fpl$feqf                               0x08004e3c   Section      104  feqf.o(x$fpl$feqf)
    x$fpl$fflt                               0x08004ea4   Section       48  fflt_clz.o(x$fpl$fflt)
    x$fpl$ffltu                              0x08004ed4   Section       38  fflt_clz.o(x$fpl$ffltu)
    x$fpl$fgeqf                              0x08004efc   Section      104  fgeqf.o(x$fpl$fgeqf)
    x$fpl$fleqf                              0x08004f64   Section      104  fleqf.o(x$fpl$fleqf)
    x$fpl$fnaninf                            0x08004fcc   Section      140  fnaninf.o(x$fpl$fnaninf)
    x$fpl$fretinf                            0x08005058   Section       10  fretinf.o(x$fpl$fretinf)
    x$fpl$usenofp                            0x08005062   Section        0  usenofp.o(x$fpl$usenofp)
    HAL_RCC_GetSysClockFreq.aPredivFactorTable 0x0800507a   Data           2  stm32f1xx_hal_rcc.o(.rodata.HAL_RCC_GetSysClockFreq.aPredivFactorTable)
    [Anonymous Symbol]                       0x0800507a   Section        0  stm32f1xx_hal_rcc.o(.rodata.HAL_RCC_GetSysClockFreq.aPredivFactorTable)
    HAL_RCC_GetSysClockFreq.aPLLMULFactorTable 0x080050d7   Data          16  stm32f1xx_hal_rcc.o(.rodata.cst16)
    [Anonymous Symbol]                       0x080050d7   Section        0  stm32f1xx_hal_rcc.o(.rodata.cst16)
    status_rtn                               0x080050e7   Data          24  vl53l1x_api.o(.rodata.status_rtn)
    [Anonymous Symbol]                       0x080050e7   Section        0  vl53l1x_api.o(.rodata.status_rtn)
    .L_MergedGlobals                         0x20000000   Data          10  bno055_driver.o(.data..L_MergedGlobals)
    [Anonymous Symbol]                       0x20000000   Section        0  bno055_driver.o(.data..L_MergedGlobals)
    .L_MergedGlobals                         0x2000000c   Data           8  stm32f1xx_hal.o(.data..L_MergedGlobals)
    [Anonymous Symbol]                       0x2000000c   Section        0  stm32f1xx_hal.o(.data..L_MergedGlobals)
    .bss                                     0x20000020   Section       96  libspace.o(.bss)
    .L_MergedGlobals                         0x20000080   Data         124  main.o(.bss..L_MergedGlobals)
    [Anonymous Symbol]                       0x20000080   Section        0  main.o(.bss..L_MergedGlobals)
    _bno055_i2c_port                         0x200000fc   Data           4  bno055_stm32_platform.o(.bss._bno055_i2c_port)
    [Anonymous Symbol]                       0x200000fc   Section        0  bno055_stm32_platform.o(.bss._bno055_i2c_port)
    _vl53l1x_i2c_port                        0x20000100   Data           4  vl53l1_platform.o(.bss._vl53l1x_i2c_port)
    [Anonymous Symbol]                       0x20000100   Section        0  vl53l1_platform.o(.bss._vl53l1x_i2c_port)
    Heap_Mem                                 0x20000288   Data         512  startup_stm32f103xb.o(HEAP)
    HEAP                                     0x20000288   Section      512  startup_stm32f103xb.o(HEAP)
    Stack_Mem                                0x20000488   Data        1024  startup_stm32f103xb.o(STACK)
    STACK                                    0x20000488   Section     1024  startup_stm32f103xb.o(STACK)
    __initial_sp                             0x20000888   Data           0  startup_stm32f103xb.o(STACK)

    Global Symbols

    Symbol Name                              Value     Ov Type        Size  Object(Section)

    BuildAttributes$$THM_ISAv4$P$D$K$B$S$PE$A:L22UL41UL21$X:L11$S22US41US21$IEEE1$IW$~IW$USESV6$~STKCKD$USESV7$~SHL$OTIME$ROPI$EBA8$UX$STANDARDLIB$REQ8$PRES8$EABIv2 0x00000000   Number         0  anon$$obj.o ABSOLUTE
    __fp_init_empty                          0x00000000   Number         0  fpinit_empty.o ABSOLUTE
    __ARM_exceptions_init                     - Undefined Weak Reference
    __alloca_initialize                       - Undefined Weak Reference
    __arm_preinit_                            - Undefined Weak Reference
    __arm_relocate_pie_                       - Undefined Weak Reference
    __cpp_initialize__aeabi_                  - Undefined Weak Reference
    __cxa_finalize                            - Undefined Weak Reference
    __rt_locale                               - Undefined Weak Reference
    __sigvec_lookup                           - Undefined Weak Reference
    _atexit_init                              - Undefined Weak Reference
    _call_atexit_fns                          - Undefined Weak Reference
    _clock_init                               - Undefined Weak Reference
    _fp_trap_init                             - Undefined Weak Reference
    _fp_trap_shutdown                         - Undefined Weak Reference
    _get_lc_collate                           - Undefined Weak Reference
    _get_lc_ctype                             - Undefined Weak Reference
    _get_lc_monetary                          - Undefined Weak Reference
    _get_lc_numeric                           - Undefined Weak Reference
    _get_lc_time                              - Undefined Weak Reference
    _getenv_init                              - Undefined Weak Reference
    _handle_redirection                       - Undefined Weak Reference
    _init_alloc                               - Undefined Weak Reference
    _init_user_alloc                          - Undefined Weak Reference
    _initio                                   - Undefined Weak Reference
    _mutex_acquire                            - Undefined Weak Reference
    _mutex_release                            - Undefined Weak Reference
    _printf_post_padding                      - Undefined Weak Reference
    _printf_pre_padding                       - Undefined Weak Reference
    _printf_truncate_signed                   - Undefined Weak Reference
    _printf_truncate_unsigned                 - Undefined Weak Reference
    _rand_init                                - Undefined Weak Reference
    _signal_finish                            - Undefined Weak Reference
    _signal_init                              - Undefined Weak Reference
    _terminate_alloc                          - Undefined Weak Reference
    _terminate_user_alloc                     - Undefined Weak Reference
    _terminateio                              - Undefined Weak Reference
    __Vectors_Size                           0x000000ec   Number         0  startup_stm32f103xb.o ABSOLUTE
    __Vectors                                0x08000000   Data           4  startup_stm32f103xb.o(RESET)
    __Vectors_End                            0x080000ec   Data           0  startup_stm32f103xb.o(RESET)
    __main                                   0x080000ed   Thumb Code     8  __main.o(!!!main)
    __scatterload                            0x080000f5   Thumb Code     0  __scatter.o(!!!scatter)
    __scatterload_rt2                        0x080000f5   Thumb Code    84  __scatter.o(!!!scatter)
    __scatterload_rt2_thumb_only             0x080000f5   Thumb Code     0  __scatter.o(!!!scatter)
    __scatterload_loop                       0x080000ff   Thumb Code     0  __scatter.o(!!!scatter)
    __scatterload_copy                       0x08000151   Thumb Code    26  __scatter_copy.o(!!handler_copy)
    __scatterload_null                       0x0800016d   Thumb Code     2  __scatter.o(!!handler_null)
    __scatterload_zeroinit                   0x08000171   Thumb Code    28  __scatter_zi.o(!!handler_zi)
    __rt_lib_init                            0x0800018d   Thumb Code     0  libinit.o(.ARM.Collect$$libinit$$00000000)
    __rt_lib_init_alloca_1                   0x0800018f   Thumb Code     0  libinit2.o(.ARM.Collect$$libinit$$00000030)
    __rt_lib_init_argv_1                     0x0800018f   Thumb Code     0  libinit2.o(.ARM.Collect$$libinit$$0000002E)
    __rt_lib_init_atexit_1                   0x0800018f   Thumb Code     0  libinit2.o(.ARM.Collect$$libinit$$0000001D)
    __rt_lib_init_clock_1                    0x0800018f   Thumb Code     0  libinit2.o(.ARM.Collect$$libinit$$00000023)
    __rt_lib_init_cpp_1                      0x0800018f   Thumb Code     0  libinit2.o(.ARM.Collect$$libinit$$00000034)
    __rt_lib_init_exceptions_1               0x0800018f   Thumb Code     0  libinit2.o(.ARM.Collect$$libinit$$00000032)
    __rt_lib_init_fp_1                       0x0800018f   Thumb Code     0  libinit2.o(.ARM.Collect$$libinit$$00000002)
    __rt_lib_init_fp_trap_1                  0x0800018f   Thumb Code     0  libinit2.o(.ARM.Collect$$libinit$$00000021)
    __rt_lib_init_getenv_1                   0x0800018f   Thumb Code     0  libinit2.o(.ARM.Collect$$libinit$$00000025)
    __rt_lib_init_heap_1                     0x0800018f   Thumb Code     0  libinit2.o(.ARM.Collect$$libinit$$0000000C)
    __rt_lib_init_lc_collate_1               0x0800018f   Thumb Code     0  libinit2.o(.ARM.Collect$$libinit$$00000013)
    __rt_lib_init_lc_ctype_1                 0x0800018f   Thumb Code     0  libinit2.o(.ARM.Collect$$libinit$$00000015)
    __rt_lib_init_lc_monetary_1              0x0800018f   Thumb Code     0  libinit2.o(.ARM.Collect$$libinit$$00000017)
    __rt_lib_init_lc_numeric_1               0x0800018f   Thumb Code     0  libinit2.o(.ARM.Collect$$libinit$$00000019)
    __rt_lib_init_lc_time_1                  0x0800018f   Thumb Code     0  libinit2.o(.ARM.Collect$$libinit$$0000001B)
    __rt_lib_init_preinit_1                  0x0800018f   Thumb Code     0  libinit2.o(.ARM.Collect$$libinit$$00000006)
    __rt_lib_init_rand_1                     0x0800018f   Thumb Code     0  libinit2.o(.ARM.Collect$$libinit$$00000010)
    __rt_lib_init_relocate_pie_1             0x0800018f   Thumb Code     0  libinit2.o(.ARM.Collect$$libinit$$00000004)
    __rt_lib_init_return                     0x0800018f   Thumb Code     0  libinit2.o(.ARM.Collect$$libinit$$00000035)
    __rt_lib_init_signal_1                   0x0800018f   Thumb Code     0  libinit2.o(.ARM.Collect$$libinit$$0000001F)
    __rt_lib_init_stdio_1                    0x0800018f   Thumb Code     0  libinit2.o(.ARM.Collect$$libinit$$00000027)
    __rt_lib_init_user_alloc_1               0x0800018f   Thumb Code     0  libinit2.o(.ARM.Collect$$libinit$$0000000E)
    __rt_lib_shutdown                        0x08000191   Thumb Code     0  libshutdown.o(.ARM.Collect$$libshutdown$$00000000)
    __rt_lib_shutdown_cpp_1                  0x08000193   Thumb Code     0  libshutdown2.o(.ARM.Collect$$libshutdown$$00000002)
    __rt_lib_shutdown_fp_trap_1              0x08000193   Thumb Code     0  libshutdown2.o(.ARM.Collect$$libshutdown$$00000007)
    __rt_lib_shutdown_heap_1                 0x08000193   Thumb Code     0  libshutdown2.o(.ARM.Collect$$libshutdown$$0000000F)
    __rt_lib_shutdown_return                 0x08000193   Thumb Code     0  libshutdown2.o(.ARM.Collect$$libshutdown$$00000010)
    __rt_lib_shutdown_signal_1               0x08000193   Thumb Code     0  libshutdown2.o(.ARM.Collect$$libshutdown$$0000000A)
    __rt_lib_shutdown_stdio_1                0x08000193   Thumb Code     0  libshutdown2.o(.ARM.Collect$$libshutdown$$00000004)
    __rt_lib_shutdown_user_alloc_1           0x08000193   Thumb Code     0  libshutdown2.o(.ARM.Collect$$libshutdown$$0000000C)
    __rt_entry                               0x08000195   Thumb Code     0  __rtentry.o(.ARM.Collect$$rtentry$$00000000)
    __rt_entry_presh_1                       0x08000195   Thumb Code     0  __rtentry2.o(.ARM.Collect$$rtentry$$00000002)
    __rt_entry_sh                            0x08000195   Thumb Code     0  __rtentry4.o(.ARM.Collect$$rtentry$$00000004)
    __rt_entry_li                            0x0800019b   Thumb Code     0  __rtentry2.o(.ARM.Collect$$rtentry$$0000000A)
    __rt_entry_postsh_1                      0x0800019b   Thumb Code     0  __rtentry2.o(.ARM.Collect$$rtentry$$00000009)
    __rt_entry_main                          0x0800019f   Thumb Code     0  __rtentry2.o(.ARM.Collect$$rtentry$$0000000D)
    __rt_entry_postli_1                      0x0800019f   Thumb Code     0  __rtentry2.o(.ARM.Collect$$rtentry$$0000000C)
    __rt_exit                                0x080001a7   Thumb Code     0  rtexit.o(.ARM.Collect$$rtexit$$00000000)
    __rt_exit_ls                             0x080001a9   Thumb Code     0  rtexit2.o(.ARM.Collect$$rtexit$$00000003)
    __rt_exit_prels_1                        0x080001a9   Thumb Code     0  rtexit2.o(.ARM.Collect$$rtexit$$00000002)
    __rt_exit_exit                           0x080001ad   Thumb Code     0  rtexit2.o(.ARM.Collect$$rtexit$$00000004)
    Reset_Handler                            0x080001b5   Thumb Code     8  startup_stm32f103xb.o(.text)
    ADC1_2_IRQHandler                        0x080001cf   Thumb Code     0  startup_stm32f103xb.o(.text)
    CAN1_RX1_IRQHandler                      0x080001cf   Thumb Code     0  startup_stm32f103xb.o(.text)
    CAN1_SCE_IRQHandler                      0x080001cf   Thumb Code     0  startup_stm32f103xb.o(.text)
    DMA1_Channel1_IRQHandler                 0x080001cf   Thumb Code     0  startup_stm32f103xb.o(.text)
    DMA1_Channel2_IRQHandler                 0x080001cf   Thumb Code     0  startup_stm32f103xb.o(.text)
    DMA1_Channel3_IRQHandler                 0x080001cf   Thumb Code     0  startup_stm32f103xb.o(.text)
    DMA1_Channel6_IRQHandler                 0x080001cf   Thumb Code     0  startup_stm32f103xb.o(.text)
    DMA1_Channel7_IRQHandler                 0x080001cf   Thumb Code     0  startup_stm32f103xb.o(.text)
    EXTI0_IRQHandler                         0x080001cf   Thumb Code     0  startup_stm32f103xb.o(.text)
    EXTI15_10_IRQHandler                     0x080001cf   Thumb Code     0  startup_stm32f103xb.o(.text)
    EXTI1_IRQHandler                         0x080001cf   Thumb Code     0  startup_stm32f103xb.o(.text)
    EXTI2_IRQHandler                         0x080001cf   Thumb Code     0  startup_stm32f103xb.o(.text)
    EXTI3_IRQHandler                         0x080001cf   Thumb Code     0  startup_stm32f103xb.o(.text)
    EXTI4_IRQHandler                         0x080001cf   Thumb Code     0  startup_stm32f103xb.o(.text)
    FLASH_IRQHandler                         0x080001cf   Thumb Code     0  startup_stm32f103xb.o(.text)
    I2C1_ER_IRQHandler                       0x080001cf   Thumb Code     0  startup_stm32f103xb.o(.text)
    I2C1_EV_IRQHandler                       0x080001cf   Thumb Code     0  startup_stm32f103xb.o(.text)
    I2C2_ER_IRQHandler                       0x080001cf   Thumb Code     0  startup_stm32f103xb.o(.text)
    I2C2_EV_IRQHandler                       0x080001cf   Thumb Code     0  startup_stm32f103xb.o(.text)
    PVD_IRQHandler                           0x080001cf   Thumb Code     0  startup_stm32f103xb.o(.text)
    RCC_IRQHandler                           0x080001cf   Thumb Code     0  startup_stm32f103xb.o(.text)
    RTC_Alarm_IRQHandler                     0x080001cf   Thumb Code     0  startup_stm32f103xb.o(.text)
    RTC_IRQHandler                           0x080001cf   Thumb Code     0  startup_stm32f103xb.o(.text)
    SPI1_IRQHandler                          0x080001cf   Thumb Code     0  startup_stm32f103xb.o(.text)
    SPI2_IRQHandler                          0x080001cf   Thumb Code     0  startup_stm32f103xb.o(.text)
    TAMPER_IRQHandler                        0x080001cf   Thumb Code     0  startup_stm32f103xb.o(.text)
    TIM1_BRK_IRQHandler                      0x080001cf   Thumb Code     0  startup_stm32f103xb.o(.text)
    TIM1_CC_IRQHandler                       0x080001cf   Thumb Code     0  startup_stm32f103xb.o(.text)
    TIM1_TRG_COM_IRQHandler                  0x080001cf   Thumb Code     0  startup_stm32f103xb.o(.text)
    TIM1_UP_IRQHandler                       0x080001cf   Thumb Code     0  startup_stm32f103xb.o(.text)
    TIM3_IRQHandler                          0x080001cf   Thumb Code     0  startup_stm32f103xb.o(.text)
    TIM4_IRQHandler                          0x080001cf   Thumb Code     0  startup_stm32f103xb.o(.text)
    USART2_IRQHandler                        0x080001cf   Thumb Code     0  startup_stm32f103xb.o(.text)
    USART3_IRQHandler                        0x080001cf   Thumb Code     0  startup_stm32f103xb.o(.text)
    USBWakeUp_IRQHandler                     0x080001cf   Thumb Code     0  startup_stm32f103xb.o(.text)
    USB_HP_CAN1_TX_IRQHandler                0x080001cf   Thumb Code     0  startup_stm32f103xb.o(.text)
    USB_LP_CAN1_RX0_IRQHandler               0x080001cf   Thumb Code     0  startup_stm32f103xb.o(.text)
    WWDG_IRQHandler                          0x080001cf   Thumb Code     0  startup_stm32f103xb.o(.text)
    __user_initial_stackheap                 0x080001d1   Thumb Code     0  startup_stm32f103xb.o(.text)
    __use_two_region_memory                  0x080001f5   Thumb Code     2  heapauxi.o(.text)
    __rt_heap_escrow$2region                 0x080001f7   Thumb Code     2  heapauxi.o(.text)
    __rt_heap_expand$2region                 0x080001f9   Thumb Code     2  heapauxi.o(.text)
    __user_setup_stackheap                   0x080001fb   Thumb Code    74  sys_stackheap_outer.o(.text)
    exit                                     0x08000245   Thumb Code    18  exit.o(.text)
    __user_libspace                          0x08000259   Thumb Code     8  libspace.o(.text)
    __user_perproc_libspace                  0x08000259   Thumb Code     0  libspace.o(.text)
    __user_perthread_libspace                0x08000259   Thumb Code     0  libspace.o(.text)
    _sys_exit                                0x08000261   Thumb Code     8  sys_exit.o(.text)
    __I$use$semihosting                      0x0800026d   Thumb Code     0  use_no_semi.o(.text)
    __use_no_semihosting_swi                 0x0800026d   Thumb Code     2  use_no_semi.o(.text)
    __semihosting_library_function           0x0800026f   Thumb Code     0  indicate_semi.o(.text)
    BusFault_Handler                         0x08000271   Thumb Code     2  stm32f1xx_it.o(.text.BusFault_Handler)
    DMA1_Channel4_IRQHandler                 0x08000275   Thumb Code    12  stm32f1xx_it.o(.text.DMA1_Channel4_IRQHandler)
    DMA1_Channel5_IRQHandler                 0x08000281   Thumb Code    12  stm32f1xx_it.o(.text.DMA1_Channel5_IRQHandler)
    DebugMon_Handler                         0x0800028d   Thumb Code     2  stm32f1xx_it.o(.text.DebugMon_Handler)
    EXTI9_5_IRQHandler                       0x08000291   Thumb Code   102  main.o(.text.EXTI9_5_IRQHandler)
    Error_Handler                            0x080002f9   Thumb Code    10  main.o(.text.Error_Handler)
    HAL_DMA_Abort                            0x08000305   Thumb Code    70  stm32f1xx_hal_dma.o(.text.HAL_DMA_Abort)
    HAL_DMA_Abort_IT                         0x0800034d   Thumb Code   182  stm32f1xx_hal_dma.o(.text.HAL_DMA_Abort_IT)
    HAL_DMA_IRQHandler                       0x08000405   Thumb Code   416  stm32f1xx_hal_dma.o(.text.HAL_DMA_IRQHandler)
    HAL_DMA_Init                             0x080005a5   Thumb Code   132  stm32f1xx_hal_dma.o(.text.HAL_DMA_Init)
    HAL_DMA_Start_IT                         0x08000629   Thumb Code   160  stm32f1xx_hal_dma.o(.text.HAL_DMA_Start_IT)
    HAL_Delay                                0x080006c9   Thumb Code    40  stm32f1xx_hal.o(.text.HAL_Delay)
    HAL_GPIO_EXTI_Callback                   0x080006f1   Thumb Code     2  stm32f1xx_hal_gpio.o(.text.HAL_GPIO_EXTI_Callback)
    HAL_GPIO_EXTI_IRQHandler                 0x080006f5   Thumb Code    22  stm32f1xx_hal_gpio.o(.text.HAL_GPIO_EXTI_IRQHandler)
    HAL_GPIO_Init                            0x0800070d   Thumb Code   526  stm32f1xx_hal_gpio.o(.text.HAL_GPIO_Init)
    HAL_GPIO_WritePin                        0x0800091d   Thumb Code    10  stm32f1xx_hal_gpio.o(.text.HAL_GPIO_WritePin)
    HAL_GetTick                              0x08000929   Thumb Code    12  stm32f1xx_hal.o(.text.HAL_GetTick)
    HAL_I2C_Init                             0x08000935   Thumb Code   356  stm32f1xx_hal_i2c.o(.text.HAL_I2C_Init)
    HAL_I2C_Master_Receive                   0x08000a99   Thumb Code  1024  stm32f1xx_hal_i2c.o(.text.HAL_I2C_Master_Receive)
    HAL_I2C_Master_Transmit                  0x08000e99   Thumb Code   476  stm32f1xx_hal_i2c.o(.text.HAL_I2C_Master_Transmit)
    HAL_I2C_Mem_Read                         0x08001075   Thumb Code   842  stm32f1xx_hal_i2c.o(.text.HAL_I2C_Mem_Read)
    HAL_I2C_Mem_Write                        0x080013c1   Thumb Code   348  stm32f1xx_hal_i2c.o(.text.HAL_I2C_Mem_Write)
    HAL_I2C_MspInit                          0x0800151d   Thumb Code   188  stm32f1xx_hal_msp.o(.text.HAL_I2C_MspInit)
    HAL_IWDG_Init                            0x080015d9   Thumb Code    94  stm32f1xx_hal_iwdg.o(.text.HAL_IWDG_Init)
    HAL_IWDG_Refresh                         0x08001639   Thumb Code    12  stm32f1xx_hal_iwdg.o(.text.HAL_IWDG_Refresh)
    HAL_IncTick                              0x08001645   Thumb Code    26  stm32f1xx_hal.o(.text.HAL_IncTick)
    HAL_Init                                 0x08001661   Thumb Code    38  stm32f1xx_hal.o(.text.HAL_Init)
    HAL_InitTick                             0x08001689   Thumb Code    72  stm32f1xx_hal.o(.text.HAL_InitTick)
    HAL_MspInit                              0x080016d1   Thumb Code    66  stm32f1xx_hal_msp.o(.text.HAL_MspInit)
    HAL_NVIC_EnableIRQ                       0x08001715   Thumb Code    34  stm32f1xx_hal_cortex.o(.text.HAL_NVIC_EnableIRQ)
    HAL_NVIC_SetPriority                     0x08001739   Thumb Code    86  stm32f1xx_hal_cortex.o(.text.HAL_NVIC_SetPriority)
    HAL_NVIC_SetPriorityGrouping             0x08001791   Thumb Code    32  stm32f1xx_hal_cortex.o(.text.HAL_NVIC_SetPriorityGrouping)
    HAL_RCC_ClockConfig                      0x080017b1   Thumb Code   442  stm32f1xx_hal_rcc.o(.text.HAL_RCC_ClockConfig)
    HAL_RCC_GetPCLK1Freq                     0x0800196d   Thumb Code    38  stm32f1xx_hal_rcc.o(.text.HAL_RCC_GetPCLK1Freq)
    HAL_RCC_GetPCLK2Freq                     0x08001995   Thumb Code    38  stm32f1xx_hal_rcc.o(.text.HAL_RCC_GetPCLK2Freq)
    HAL_RCC_OscConfig                        0x080019bd   Thumb Code  1024  stm32f1xx_hal_rcc.o(.text.HAL_RCC_OscConfig)
    HAL_SYSTICK_Config                       0x08001dbd   Thumb Code    44  stm32f1xx_hal_cortex.o(.text.HAL_SYSTICK_Config)
    HAL_TIMEx_BreakCallback                  0x08001de9   Thumb Code     2  stm32f1xx_hal_tim_ex.o(.text.HAL_TIMEx_BreakCallback)
    HAL_TIMEx_CommutCallback                 0x08001ded   Thumb Code     2  stm32f1xx_hal_tim_ex.o(.text.HAL_TIMEx_CommutCallback)
    HAL_TIMEx_MasterConfigSynchronization    0x08001df1   Thumb Code   126  stm32f1xx_hal_tim_ex.o(.text.HAL_TIMEx_MasterConfigSynchronization)
    HAL_TIM_Base_Init                        0x08001e71   Thumb Code   250  stm32f1xx_hal_tim.o(.text.HAL_TIM_Base_Init)
    HAL_TIM_Base_MspInit                     0x08001f6d   Thumb Code    62  stm32f1xx_hal_msp.o(.text.HAL_TIM_Base_MspInit)
    HAL_TIM_Base_Start_IT                    0x08001fad   Thumb Code   110  stm32f1xx_hal_tim.o(.text.HAL_TIM_Base_Start_IT)
    HAL_TIM_ConfigClockSource                0x0800201d   Thumb Code   416  stm32f1xx_hal_tim.o(.text.HAL_TIM_ConfigClockSource)
    HAL_TIM_IC_CaptureCallback               0x080021bd   Thumb Code     2  stm32f1xx_hal_tim.o(.text.HAL_TIM_IC_CaptureCallback)
    HAL_TIM_IRQHandler                       0x080021c1   Thumb Code   334  stm32f1xx_hal_tim.o(.text.HAL_TIM_IRQHandler)
    HAL_TIM_OC_DelayElapsedCallback          0x08002311   Thumb Code     2  stm32f1xx_hal_tim.o(.text.HAL_TIM_OC_DelayElapsedCallback)
    HAL_TIM_PWM_PulseFinishedCallback        0x08002315   Thumb Code     2  stm32f1xx_hal_tim.o(.text.HAL_TIM_PWM_PulseFinishedCallback)
    HAL_TIM_PeriodElapsedCallback            0x08002319   Thumb Code    24  main.o(.text.HAL_TIM_PeriodElapsedCallback)
    HAL_TIM_TriggerCallback                  0x08002331   Thumb Code     2  stm32f1xx_hal_tim.o(.text.HAL_TIM_TriggerCallback)
    HAL_UARTEx_ReceiveToIdle_DMA             0x08002335   Thumb Code   484  stm32f1xx_hal_uart.o(.text.HAL_UARTEx_ReceiveToIdle_DMA)
    HAL_UARTEx_RxEventCallback               0x08002519   Thumb Code    64  main.o(.text.HAL_UARTEx_RxEventCallback)
    HAL_UART_ErrorCallback                   0x08002559   Thumb Code   100  main.o(.text.HAL_UART_ErrorCallback)
    HAL_UART_IRQHandler                      0x080025bd   Thumb Code  1392  stm32f1xx_hal_uart.o(.text.HAL_UART_IRQHandler)
    HAL_UART_Init                            0x08002b2d   Thumb Code   226  stm32f1xx_hal_uart.o(.text.HAL_UART_Init)
    HAL_UART_MspInit                         0x08002c11   Thumb Code   262  stm32f1xx_hal_msp.o(.text.HAL_UART_MspInit)
    HAL_UART_RxCpltCallback                  0x08002d19   Thumb Code     2  stm32f1xx_hal_uart.o(.text.HAL_UART_RxCpltCallback)
    HAL_UART_RxHalfCpltCallback              0x08002d1d   Thumb Code     2  stm32f1xx_hal_uart.o(.text.HAL_UART_RxHalfCpltCallback)
    HAL_UART_Transmit                        0x08002d21   Thumb Code   402  stm32f1xx_hal_uart.o(.text.HAL_UART_Transmit)
    HAL_UART_TxCpltCallback                  0x08002eb5   Thumb Code    30  main.o(.text.HAL_UART_TxCpltCallback)
    HardFault_Handler                        0x08002ed5   Thumb Code     2  stm32f1xx_it.o(.text.HardFault_Handler)
    MemManage_Handler                        0x08003561   Thumb Code     2  stm32f1xx_it.o(.text.MemManage_Handler)
    NMI_Handler                              0x08003565   Thumb Code     2  stm32f1xx_it.o(.text.NMI_Handler)
    PendSV_Handler                           0x08003569   Thumb Code     2  stm32f1xx_it.o(.text.PendSV_Handler)
    SVC_Handler                              0x0800356d   Thumb Code     2  stm32f1xx_it.o(.text.SVC_Handler)
    SysTick_Handler                          0x08003571   Thumb Code     4  stm32f1xx_it.o(.text.SysTick_Handler)
    SystemInit                               0x08003575   Thumb Code     2  system_stm32f1xx.o(.text.SystemInit)
    TIM2_IRQHandler                          0x08003579   Thumb Code    12  stm32f1xx_it.o(.text.TIM2_IRQHandler)
    USART1_IRQHandler                        0x08003985   Thumb Code    12  stm32f1xx_it.o(.text.USART1_IRQHandler)
    UsageFault_Handler                       0x08003991   Thumb Code     2  stm32f1xx_it.o(.text.UsageFault_Handler)
    VL53L1X_ClearInterrupt                   0x08003995   Thumb Code     8  vl53l1x_api.o(.text.VL53L1X_ClearInterrupt)
    VL53L1X_GetDistance                      0x0800399d   Thumb Code    26  vl53l1x_api.o(.text.VL53L1X_GetDistance)
    VL53L1X_GetRangeStatus                   0x080039b9   Thumb Code    48  vl53l1x_api.o(.text.VL53L1X_GetRangeStatus)
    VL53L1X_SensorInit                       0x080039e9   Thumb Code   226  vl53l1x_api.o(.text.VL53L1X_SensorInit)
    VL53L1X_SetDistanceMode                  0x08003acd   Thumb Code   314  vl53l1x_api.o(.text.VL53L1X_SetDistanceMode)
    VL53L1X_SetTimingBudgetInMs              0x08003c09   Thumb Code   284  vl53l1x_api.o(.text.VL53L1X_SetTimingBudgetInMs)
    VL53L1X_StartRanging                     0x08003d25   Thumb Code     8  vl53l1x_api.o(.text.VL53L1X_StartRanging)
    VL53L1_RdByte                            0x08003d2d   Thumb Code    56  vl53l1_platform.o(.text.VL53L1_RdByte)
    VL53L1_RdWord                            0x08003d65   Thumb Code    64  vl53l1_platform.o(.text.VL53L1_RdWord)
    VL53L1_ReadMulti                         0x08003da5   Thumb Code    56  vl53l1_platform.o(.text.VL53L1_ReadMulti)
    VL53L1_WaitMs                            0x08003ddd   Thumb Code     6  vl53l1_platform.o(.text.VL53L1_WaitMs)
    VL53L1_WrByte                            0x08003de5   Thumb Code    62  vl53l1_platform.o(.text.VL53L1_WrByte)
    VL53L1_WrDWord                           0x08003e25   Thumb Code    60  vl53l1_platform.o(.text.VL53L1_WrDWord)
    VL53L1_WrWord                            0x08003e61   Thumb Code    64  vl53l1_platform.o(.text.VL53L1_WrWord)
    VL53L1__Init                             0x08003ea1   Thumb Code   580  vl53l1x_api.o(.text.VL53L1__Init)
    VL53L1__Xshut                            0x080040e5   Thumb Code   102  vl53l1x_api.o(.text.VL53L1__Xshut)
    bno055_assignI2C                         0x08004179   Thumb Code    12  bno055_stm32_platform.o(.text.bno055_assignI2C)
    bno055_delay                             0x08004185   Thumb Code     4  bno055_stm32_platform.o(.text.bno055_delay)
    bno055_get_vector_euler                  0x08004189   Thumb Code   100  bno055_driver.o(.text.bno055_get_vector_euler)
    bno055_read_data                         0x080041ed   Thumb Code    92  bno055_stm32_platform.o(.text.bno055_read_data)
    bno055_set_operation_mode                0x08004249   Thumb Code    28  bno055_driver.o(.text.bno055_set_operation_mode)
    bno055_setup                             0x08004265   Thumb Code    84  bno055_driver.o(.text.bno055_setup)
    bno055_write_data                        0x080042b9   Thumb Code    68  bno055_stm32_platform.o(.text.bno055_write_data)
    main                                     0x080042fd   Thumb Code  1734  main.o(.text.main)
    vl53l1x_assignI2C                        0x080049c5   Thumb Code    12  vl53l1_platform.o(.text.vl53l1x_assignI2C)
    __aeabi_d2uiz                            0x080049d1   Thumb Code     0  dfixu.o(x$fpl$dfixu)
    _dfixu                                   0x080049d1   Thumb Code    90  dfixu.o(x$fpl$dfixu)
    __aeabi_ui2d                             0x08004a2b   Thumb Code     0  dflt_clz.o(x$fpl$dfltu)
    _dfltu                                   0x08004a2b   Thumb Code    38  dflt_clz.o(x$fpl$dfltu)
    __aeabi_dmul                             0x08004a51   Thumb Code     0  dmul.o(x$fpl$dmul)
    _dmul                                    0x08004a51   Thumb Code   332  dmul.o(x$fpl$dmul)
    __fpl_dnaninf                            0x08004ba5   Thumb Code   156  dnaninf.o(x$fpl$dnaninf)
    __fpl_dretinf                            0x08004c41   Thumb Code    12  dretinf.o(x$fpl$dretinf)
    __aeabi_fcmpeq                           0x08004c4d   Thumb Code     0  fcmp.o(x$fpl$fcmp)
    _feq                                     0x08004c4d   Thumb Code    14  fcmp.o(x$fpl$fcmp)
    _fneq                                    0x08004c5b   Thumb Code    14  fcmp.o(x$fpl$fcmp)
    __aeabi_fcmpgt                           0x08004c69   Thumb Code     0  fcmp.o(x$fpl$fcmp)
    _fgr                                     0x08004c69   Thumb Code    14  fcmp.o(x$fpl$fcmp)
    __aeabi_fcmpge                           0x08004c77   Thumb Code     0  fcmp.o(x$fpl$fcmp)
    _fgeq                                    0x08004c77   Thumb Code    14  fcmp.o(x$fpl$fcmp)
    __aeabi_fcmple                           0x08004c85   Thumb Code     0  fcmp.o(x$fpl$fcmp)
    _fleq                                    0x08004c85   Thumb Code    14  fcmp.o(x$fpl$fcmp)
    __aeabi_fcmplt                           0x08004c93   Thumb Code     0  fcmp.o(x$fpl$fcmp)
    _fls                                     0x08004c93   Thumb Code    14  fcmp.o(x$fpl$fcmp)
    __fpl_fcmp_Inf                           0x08004ca1   Thumb Code    24  fcmpi.o(x$fpl$fcmpinf)
    __aeabi_fdiv                             0x08004cb9   Thumb Code     0  fdiv.o(x$fpl$fdiv)
    _fdiv                                    0x08004cb9   Thumb Code   384  fdiv.o(x$fpl$fdiv)
    __aeabi_cfcmpeq                          0x08004e3d   Thumb Code     0  feqf.o(x$fpl$feqf)
    _fcmpeq                                  0x08004e3d   Thumb Code   104  feqf.o(x$fpl$feqf)
    __aeabi_i2f                              0x08004ea5   Thumb Code     0  fflt_clz.o(x$fpl$fflt)
    _fflt                                    0x08004ea5   Thumb Code    48  fflt_clz.o(x$fpl$fflt)
    __aeabi_ui2f                             0x08004ed5   Thumb Code     0  fflt_clz.o(x$fpl$ffltu)
    _ffltu                                   0x08004ed5   Thumb Code    38  fflt_clz.o(x$fpl$ffltu)
    _fcmpge                                  0x08004efd   Thumb Code   104  fgeqf.o(x$fpl$fgeqf)
    __aeabi_cfcmple                          0x08004f65   Thumb Code     0  fleqf.o(x$fpl$fleqf)
    _fcmple                                  0x08004f65   Thumb Code   104  fleqf.o(x$fpl$fleqf)
    __fpl_fcmple_InfNaN                      0x08004fb7   Thumb Code     0  fleqf.o(x$fpl$fleqf)
    __fpl_fnaninf                            0x08004fcd   Thumb Code   140  fnaninf.o(x$fpl$fnaninf)
    __fpl_fretinf                            0x08005059   Thumb Code    10  fretinf.o(x$fpl$fretinf)
    AHBPrescTable                            0x08005062   Data          16  system_stm32f1xx.o(.rodata.AHBPrescTable)
    __I$use$fp                               0x08005062   Number         0  usenofp.o(x$fpl$usenofp)
    APBPrescTable                            0x08005072   Data           8  system_stm32f1xx.o(.rodata.APBPrescTable)
    VL51L1X_DEFAULT_CONFIGURATION            0x0800507c   Data          91  vl53l1x_api.o(.rodata.VL51L1X_DEFAULT_CONFIGURATION)
    Region$$Table$$Base                      0x08005100   Number         0  anon$$obj.o(Region$$Table)
    Region$$Table$$Limit                     0x08005120   Number         0  anon$$obj.o(Region$$Table)
    accel_scale                              0x20000000   Data           2  bno055_driver.o(.data..L_MergedGlobals)
    mag_scale                                0x20000002   Data           2  bno055_driver.o(.data..L_MergedGlobals)
    gyro_scale                               0x20000004   Data           2  bno055_driver.o(.data..L_MergedGlobals)
    euler_scale                              0x20000006   Data           2  bno055_driver.o(.data..L_MergedGlobals)
    qua_scale                                0x20000008   Data           2  bno055_driver.o(.data..L_MergedGlobals)
    uwTickFreq                               0x2000000c   Data           1  stm32f1xx_hal.o(.data..L_MergedGlobals)
    uwTickPrio                               0x20000010   Data           4  stm32f1xx_hal.o(.data..L_MergedGlobals)
    SystemCoreClock                          0x20000014   Data           4  system_stm32f1xx.o(.data.SystemCoreClock)
    error_code                               0x20000018   Data           4  main.o(.data.error_code)
    uart_ready                               0x2000001c   Data           1  main.o(.data.uart_ready)
    __libspace_start                         0x20000020   Data          96  libspace.o(.bss)
    __temporary_stack_top$libspace           0x20000080   Data           0  libspace.o(.bss)
    received_data_from_rasp                  0x20000080   Data           1  main.o(.bss..L_MergedGlobals)
    need_soft_reset                          0x20000081   Data           1  main.o(.bss..L_MergedGlobals)
    bno055_failed                            0x20000082   Data           1  main.o(.bss..L_MergedGlobals)
    heading_ready                            0x20000083   Data           1  main.o(.bss..L_MergedGlobals)
    bno055_fail_count                        0x20000084   Data           1  main.o(.bss..L_MergedGlobals)
    status                                   0x20000085   Data           1  main.o(.bss..L_MergedGlobals)
    status1                                  0x20000086   Data           1  main.o(.bss..L_MergedGlobals)
    status2                                  0x20000087   Data           1  main.o(.bss..L_MergedGlobals)
    range_status                             0x20000088   Data           1  main.o(.bss..L_MergedGlobals)
    distance_ready                           0x20000089   Data           1  main.o(.bss..L_MergedGlobals)
    vl53_fail_count                          0x2000008a   Data           1  main.o(.bss..L_MergedGlobals)
    measured_distance                        0x2000008c   Data           2  main.o(.bss..L_MergedGlobals)
    heading                                  0x20000090   Data           4  main.o(.bss..L_MergedGlobals)
    yaw_offset                               0x20000094   Data           4  main.o(.bss..L_MergedGlobals)
    last_distance_time                       0x20000098   Data           4  main.o(.bss..L_MergedGlobals)
    hiwdg                                    0x2000009c   Data          12  main.o(.bss..L_MergedGlobals)
    v_euler                                  0x200000a8   Data          16  main.o(.bss..L_MergedGlobals)
    hdma_usart1_rx                           0x200000b8   Data          68  main.o(.bss..L_MergedGlobals)
    hdma_usart1_tx                           0x20000104   Data          68  main.o(.bss.hdma_usart1_tx)
    hi2c1                                    0x20000148   Data          84  main.o(.bss.hi2c1)
    hi2c2                                    0x2000019c   Data          84  main.o(.bss.hi2c2)
    htim2                                    0x200001f0   Data          72  main.o(.bss.htim2)
    huart1                                   0x20000238   Data          72  main.o(.bss.huart1)
    uwTick                                   0x20000280   Data           4  stm32f1xx_hal.o(.bss.uwTick)



==============================================================================

Memory Map of the image

  Image Entry point : 0x080000ed

  Load Region LR_IROM1 (Base: 0x08000000, Size: 0x00005140, Max: 0x00010000, ABSOLUTE)

    Execution Region ER_IROM1 (Exec base: 0x08000000, Load base: 0x08000000, Size: 0x00005120, Max: 0x00010000, ABSOLUTE)

    Exec Addr    Load Addr    Size         Type   Attr      Idx    E Section Name        Object

    0x08000000   0x08000000   0x000000ec   Data   RO            3    RESET               startup_stm32f103xb.o
    0x080000ec   0x080000ec   0x00000008   Code   RO         1361  * !!!main             c_w.l(__main.o)
    0x080000f4   0x080000f4   0x0000005c   Code   RO         1604    !!!scatter          c_w.l(__scatter.o)
    0x08000150   0x08000150   0x0000001a   Code   RO         1608    !!handler_copy      c_w.l(__scatter_copy.o)
    0x0800016a   0x0800016a   0x00000002   PAD
    0x0800016c   0x0800016c   0x00000002   Code   RO         1605    !!handler_null      c_w.l(__scatter.o)
    0x0800016e   0x0800016e   0x00000002   PAD
    0x08000170   0x08000170   0x0000001c   Code   RO         1610    !!handler_zi        c_w.l(__scatter_zi.o)
    0x0800018c   0x0800018c   0x00000002   Code   RO         1466    .ARM.Collect$$libinit$$00000000  c_w.l(libinit.o)
    0x0800018e   0x0800018e   0x00000000   Code   RO         1473    .ARM.Collect$$libinit$$00000002  c_w.l(libinit2.o)
    0x0800018e   0x0800018e   0x00000000   Code   RO         1475    .ARM.Collect$$libinit$$00000004  c_w.l(libinit2.o)
    0x0800018e   0x0800018e   0x00000000   Code   RO         1477    .ARM.Collect$$libinit$$00000006  c_w.l(libinit2.o)
    0x0800018e   0x0800018e   0x00000000   Code   RO         1480    .ARM.Collect$$libinit$$0000000C  c_w.l(libinit2.o)
    0x0800018e   0x0800018e   0x00000000   Code   RO         1482    .ARM.Collect$$libinit$$0000000E  c_w.l(libinit2.o)
    0x0800018e   0x0800018e   0x00000000   Code   RO         1484    .ARM.Collect$$libinit$$00000010  c_w.l(libinit2.o)
    0x0800018e   0x0800018e   0x00000000   Code   RO         1487    .ARM.Collect$$libinit$$00000013  c_w.l(libinit2.o)
    0x0800018e   0x0800018e   0x00000000   Code   RO         1489    .ARM.Collect$$libinit$$00000015  c_w.l(libinit2.o)
    0x0800018e   0x0800018e   0x00000000   Code   RO         1491    .ARM.Collect$$libinit$$00000017  c_w.l(libinit2.o)
    0x0800018e   0x0800018e   0x00000000   Code   RO         1493    .ARM.Collect$$libinit$$00000019  c_w.l(libinit2.o)
    0x0800018e   0x0800018e   0x00000000   Code   RO         1495    .ARM.Collect$$libinit$$0000001B  c_w.l(libinit2.o)
    0x0800018e   0x0800018e   0x00000000   Code   RO         1497    .ARM.Collect$$libinit$$0000001D  c_w.l(libinit2.o)
    0x0800018e   0x0800018e   0x00000000   Code   RO         1499    .ARM.Collect$$libinit$$0000001F  c_w.l(libinit2.o)
    0x0800018e   0x0800018e   0x00000000   Code   RO         1501    .ARM.Collect$$libinit$$00000021  c_w.l(libinit2.o)
    0x0800018e   0x0800018e   0x00000000   Code   RO         1503    .ARM.Collect$$libinit$$00000023  c_w.l(libinit2.o)
    0x0800018e   0x0800018e   0x00000000   Code   RO         1505    .ARM.Collect$$libinit$$00000025  c_w.l(libinit2.o)
    0x0800018e   0x0800018e   0x00000000   Code   RO         1507    .ARM.Collect$$libinit$$00000027  c_w.l(libinit2.o)
    0x0800018e   0x0800018e   0x00000000   Code   RO         1511    .ARM.Collect$$libinit$$0000002E  c_w.l(libinit2.o)
    0x0800018e   0x0800018e   0x00000000   Code   RO         1513    .ARM.Collect$$libinit$$00000030  c_w.l(libinit2.o)
    0x0800018e   0x0800018e   0x00000000   Code   RO         1515    .ARM.Collect$$libinit$$00000032  c_w.l(libinit2.o)
    0x0800018e   0x0800018e   0x00000000   Code   RO         1517    .ARM.Collect$$libinit$$00000034  c_w.l(libinit2.o)
    0x0800018e   0x0800018e   0x00000002   Code   RO         1518    .ARM.Collect$$libinit$$00000035  c_w.l(libinit2.o)
    0x08000190   0x08000190   0x00000002   Code   RO         1540    .ARM.Collect$$libshutdown$$00000000  c_w.l(libshutdown.o)
    0x08000192   0x08000192   0x00000000   Code   RO         1555    .ARM.Collect$$libshutdown$$00000002  c_w.l(libshutdown2.o)
    0x08000192   0x08000192   0x00000000   Code   RO         1557    .ARM.Collect$$libshutdown$$00000004  c_w.l(libshutdown2.o)
    0x08000192   0x08000192   0x00000000   Code   RO         1560    .ARM.Collect$$libshutdown$$00000007  c_w.l(libshutdown2.o)
    0x08000192   0x08000192   0x00000000   Code   RO         1563    .ARM.Collect$$libshutdown$$0000000A  c_w.l(libshutdown2.o)
    0x08000192   0x08000192   0x00000000   Code   RO         1565    .ARM.Collect$$libshutdown$$0000000C  c_w.l(libshutdown2.o)
    0x08000192   0x08000192   0x00000000   Code   RO         1568    .ARM.Collect$$libshutdown$$0000000F  c_w.l(libshutdown2.o)
    0x08000192   0x08000192   0x00000002   Code   RO         1569    .ARM.Collect$$libshutdown$$00000010  c_w.l(libshutdown2.o)
    0x08000194   0x08000194   0x00000000   Code   RO         1407    .ARM.Collect$$rtentry$$00000000  c_w.l(__rtentry.o)
    0x08000194   0x08000194   0x00000000   Code   RO         1433    .ARM.Collect$$rtentry$$00000002  c_w.l(__rtentry2.o)
    0x08000194   0x08000194   0x00000006   Code   RO         1445    .ARM.Collect$$rtentry$$00000004  c_w.l(__rtentry4.o)
    0x0800019a   0x0800019a   0x00000000   Code   RO         1435    .ARM.Collect$$rtentry$$00000009  c_w.l(__rtentry2.o)
    0x0800019a   0x0800019a   0x00000004   Code   RO         1436    .ARM.Collect$$rtentry$$0000000A  c_w.l(__rtentry2.o)
    0x0800019e   0x0800019e   0x00000000   Code   RO         1438    .ARM.Collect$$rtentry$$0000000C  c_w.l(__rtentry2.o)
    0x0800019e   0x0800019e   0x00000008   Code   RO         1439    .ARM.Collect$$rtentry$$0000000D  c_w.l(__rtentry2.o)
    0x080001a6   0x080001a6   0x00000002   Code   RO         1470    .ARM.Collect$$rtexit$$00000000  c_w.l(rtexit.o)
    0x080001a8   0x080001a8   0x00000000   Code   RO         1520    .ARM.Collect$$rtexit$$00000002  c_w.l(rtexit2.o)
    0x080001a8   0x080001a8   0x00000004   Code   RO         1521    .ARM.Collect$$rtexit$$00000003  c_w.l(rtexit2.o)
    0x080001ac   0x080001ac   0x00000006   Code   RO         1522    .ARM.Collect$$rtexit$$00000004  c_w.l(rtexit2.o)
    0x080001b2   0x080001b2   0x00000002   PAD
    0x080001b4   0x080001b4   0x00000040   Code   RO            4    .text               startup_stm32f103xb.o
    0x080001f4   0x080001f4   0x00000006   Code   RO         1359    .text               c_w.l(heapauxi.o)
    0x080001fa   0x080001fa   0x0000004a   Code   RO         1455    .text               c_w.l(sys_stackheap_outer.o)
    0x08000244   0x08000244   0x00000012   Code   RO         1459    .text               c_w.l(exit.o)
    0x08000256   0x08000256   0x00000002   PAD
    0x08000258   0x08000258   0x00000008   Code   RO         1467    .text               c_w.l(libspace.o)
    0x08000260   0x08000260   0x0000000c   Code   RO         1530    .text               c_w.l(sys_exit.o)
    0x0800026c   0x0800026c   0x00000002   Code   RO         1545    .text               c_w.l(use_no_semi.o)
    0x0800026e   0x0800026e   0x00000000   Code   RO         1547    .text               c_w.l(indicate_semi.o)
    0x0800026e   0x0800026e   0x00000002   PAD
    0x08000270   0x08000270   0x00000002   Code   RO          324    .text.BusFault_Handler  stm32f1xx_it.o
    0x08000272   0x08000272   0x00000002   PAD
    0x08000274   0x08000274   0x0000000c   Code   RO          336    .text.DMA1_Channel4_IRQHandler  stm32f1xx_it.o
    0x08000280   0x08000280   0x0000000c   Code   RO          338    .text.DMA1_Channel5_IRQHandler  stm32f1xx_it.o
    0x0800028c   0x0800028c   0x00000002   Code   RO          330    .text.DebugMon_Handler  stm32f1xx_it.o
    0x0800028e   0x0800028e   0x00000002   PAD
    0x08000290   0x08000290   0x00000066   Code   RO          283    .text.EXTI9_5_IRQHandler  main.o
    0x080002f6   0x080002f6   0x00000002   PAD
    0x080002f8   0x080002f8   0x0000000a   Code   RO          281    .text.Error_Handler  main.o
    0x08000302   0x08000302   0x00000002   PAD
    0x08000304   0x08000304   0x00000046   Code   RO          669    .text.HAL_DMA_Abort  stm32f1xx_hal_dma.o
    0x0800034a   0x0800034a   0x00000002   PAD
    0x0800034c   0x0800034c   0x000000b6   Code   RO          671    .text.HAL_DMA_Abort_IT  stm32f1xx_hal_dma.o
    0x08000402   0x08000402   0x00000002   PAD
    0x08000404   0x08000404   0x000001a0   Code   RO          675    .text.HAL_DMA_IRQHandler  stm32f1xx_hal_dma.o
    0x080005a4   0x080005a4   0x00000084   Code   RO          661    .text.HAL_DMA_Init  stm32f1xx_hal_dma.o
    0x08000628   0x08000628   0x000000a0   Code   RO          667    .text.HAL_DMA_Start_IT  stm32f1xx_hal_dma.o
    0x080006c8   0x080006c8   0x00000028   Code   RO          545    .text.HAL_Delay     stm32f1xx_hal.o
    0x080006f0   0x080006f0   0x00000002   Code   RO          651    .text.HAL_GPIO_EXTI_Callback  stm32f1xx_hal_gpio.o
    0x080006f2   0x080006f2   0x00000002   PAD
    0x080006f4   0x080006f4   0x00000016   Code   RO          649    .text.HAL_GPIO_EXTI_IRQHandler  stm32f1xx_hal_gpio.o
    0x0800070a   0x0800070a   0x00000002   PAD
    0x0800070c   0x0800070c   0x0000020e   Code   RO          637    .text.HAL_GPIO_Init  stm32f1xx_hal_gpio.o
    0x0800091a   0x0800091a   0x00000002   PAD
    0x0800091c   0x0800091c   0x0000000a   Code   RO          643    .text.HAL_GPIO_WritePin  stm32f1xx_hal_gpio.o
    0x08000926   0x08000926   0x00000002   PAD
    0x08000928   0x08000928   0x0000000c   Code   RO          537    .text.HAL_GetTick   stm32f1xx_hal.o
    0x08000934   0x08000934   0x00000164   Code   RO          387    .text.HAL_I2C_Init  stm32f1xx_hal_i2c.o
    0x08000a98   0x08000a98   0x00000400   Code   RO          403    .text.HAL_I2C_Master_Receive  stm32f1xx_hal_i2c.o
    0x08000e98   0x08000e98   0x000001dc   Code   RO          395    .text.HAL_I2C_Master_Transmit  stm32f1xx_hal_i2c.o
    0x08001074   0x08001074   0x0000034a   Code   RO          435    .text.HAL_I2C_Mem_Read  stm32f1xx_hal_i2c.o
    0x080013be   0x080013be   0x00000002   PAD
    0x080013c0   0x080013c0   0x0000015c   Code   RO          431    .text.HAL_I2C_Mem_Write  stm32f1xx_hal_i2c.o
    0x0800151c   0x0800151c   0x000000bc   Code   RO          353    .text.HAL_I2C_MspInit  stm32f1xx_hal_msp.o
    0x080015d8   0x080015d8   0x0000005e   Code   RO          858    .text.HAL_IWDG_Init  stm32f1xx_hal_iwdg.o
    0x08001636   0x08001636   0x00000002   PAD
    0x08001638   0x08001638   0x0000000c   Code   RO          860    .text.HAL_IWDG_Refresh  stm32f1xx_hal_iwdg.o
    0x08001644   0x08001644   0x0000001a   Code   RO          535    .text.HAL_IncTick   stm32f1xx_hal.o
    0x0800165e   0x0800165e   0x00000002   PAD
    0x08001660   0x08001660   0x00000026   Code   RO          525    .text.HAL_Init      stm32f1xx_hal.o
    0x08001686   0x08001686   0x00000002   PAD
    0x08001688   0x08001688   0x00000048   Code   RO          527    .text.HAL_InitTick  stm32f1xx_hal.o
    0x080016d0   0x080016d0   0x00000042   Code   RO          351    .text.HAL_MspInit   stm32f1xx_hal_msp.o
    0x08001712   0x08001712   0x00000002   PAD
    0x08001714   0x08001714   0x00000022   Code   RO          697    .text.HAL_NVIC_EnableIRQ  stm32f1xx_hal_cortex.o
    0x08001736   0x08001736   0x00000002   PAD
    0x08001738   0x08001738   0x00000056   Code   RO          695    .text.HAL_NVIC_SetPriority  stm32f1xx_hal_cortex.o
    0x0800178e   0x0800178e   0x00000002   PAD
    0x08001790   0x08001790   0x00000020   Code   RO          693    .text.HAL_NVIC_SetPriorityGrouping  stm32f1xx_hal_cortex.o
    0x080017b0   0x080017b0   0x000001ba   Code   RO          589    .text.HAL_RCC_ClockConfig  stm32f1xx_hal_rcc.o
    0x0800196a   0x0800196a   0x00000002   PAD
    0x0800196c   0x0800196c   0x00000026   Code   RO          601    .text.HAL_RCC_GetPCLK1Freq  stm32f1xx_hal_rcc.o
    0x08001992   0x08001992   0x00000002   PAD
    0x08001994   0x08001994   0x00000026   Code   RO          603    .text.HAL_RCC_GetPCLK2Freq  stm32f1xx_hal_rcc.o
    0x080019ba   0x080019ba   0x00000002   PAD
    0x080019bc   0x080019bc   0x00000400   Code   RO          587    .text.HAL_RCC_OscConfig  stm32f1xx_hal_rcc.o
    0x08001dbc   0x08001dbc   0x0000002c   Code   RO          705    .text.HAL_SYSTICK_Config  stm32f1xx_hal_cortex.o
    0x08001de8   0x08001de8   0x00000002   Code   RO         1175    .text.HAL_TIMEx_BreakCallback  stm32f1xx_hal_tim_ex.o
    0x08001dea   0x08001dea   0x00000002   PAD
    0x08001dec   0x08001dec   0x00000002   Code   RO         1171    .text.HAL_TIMEx_CommutCallback  stm32f1xx_hal_tim_ex.o
    0x08001dee   0x08001dee   0x00000002   PAD
    0x08001df0   0x08001df0   0x0000007e   Code   RO         1165    .text.HAL_TIMEx_MasterConfigSynchronization  stm32f1xx_hal_tim_ex.o
    0x08001e6e   0x08001e6e   0x00000002   PAD
    0x08001e70   0x08001e70   0x000000fa   Code   RO          870    .text.HAL_TIM_Base_Init  stm32f1xx_hal_tim.o
    0x08001f6a   0x08001f6a   0x00000002   PAD
    0x08001f6c   0x08001f6c   0x0000003e   Code   RO          357    .text.HAL_TIM_Base_MspInit  stm32f1xx_hal_msp.o
    0x08001faa   0x08001faa   0x00000002   PAD
    0x08001fac   0x08001fac   0x0000006e   Code   RO          884    .text.HAL_TIM_Base_Start_IT  stm32f1xx_hal_tim.o
    0x0800201a   0x0800201a   0x00000002   PAD
    0x0800201c   0x0800201c   0x000001a0   Code   RO         1050    .text.HAL_TIM_ConfigClockSource  stm32f1xx_hal_tim.o
    0x080021bc   0x080021bc   0x00000002   Code   RO         1006    .text.HAL_TIM_IC_CaptureCallback  stm32f1xx_hal_tim.o
    0x080021be   0x080021be   0x00000002   PAD
    0x080021c0   0x080021c0   0x0000014e   Code   RO         1004    .text.HAL_TIM_IRQHandler  stm32f1xx_hal_tim.o
    0x0800230e   0x0800230e   0x00000002   PAD
    0x08002310   0x08002310   0x00000002   Code   RO         1008    .text.HAL_TIM_OC_DelayElapsedCallback  stm32f1xx_hal_tim.o
    0x08002312   0x08002312   0x00000002   PAD
    0x08002314   0x08002314   0x00000002   Code   RO         1010    .text.HAL_TIM_PWM_PulseFinishedCallback  stm32f1xx_hal_tim.o
    0x08002316   0x08002316   0x00000002   PAD
    0x08002318   0x08002318   0x00000018   Code   RO          285    .text.HAL_TIM_PeriodElapsedCallback  main.o
    0x08002330   0x08002330   0x00000002   Code   RO         1014    .text.HAL_TIM_TriggerCallback  stm32f1xx_hal_tim.o
    0x08002332   0x08002332   0x00000002   PAD
    0x08002334   0x08002334   0x000001e4   Code   RO         1235    .text.HAL_UARTEx_ReceiveToIdle_DMA  stm32f1xx_hal_uart.o
    0x08002518   0x08002518   0x00000040   Code   RO          287    .text.HAL_UARTEx_RxEventCallback  main.o
    0x08002558   0x08002558   0x00000064   Code   RO          289    .text.HAL_UART_ErrorCallback  main.o
    0x080025bc   0x080025bc   0x00000570   Code   RO         1265    .text.HAL_UART_IRQHandler  stm32f1xx_hal_uart.o
    0x08002b2c   0x08002b2c   0x000000e2   Code   RO         1189    .text.HAL_UART_Init  stm32f1xx_hal_uart.o
    0x08002c0e   0x08002c0e   0x00000002   PAD
    0x08002c10   0x08002c10   0x00000106   Code   RO          361    .text.HAL_UART_MspInit  stm32f1xx_hal_msp.o
    0x08002d16   0x08002d16   0x00000002   PAD
    0x08002d18   0x08002d18   0x00000002   Code   RO         1279    .text.HAL_UART_RxCpltCallback  stm32f1xx_hal_uart.o
    0x08002d1a   0x08002d1a   0x00000002   PAD
    0x08002d1c   0x08002d1c   0x00000002   Code   RO         1281    .text.HAL_UART_RxHalfCpltCallback  stm32f1xx_hal_uart.o
    0x08002d1e   0x08002d1e   0x00000002   PAD
    0x08002d20   0x08002d20   0x00000192   Code   RO         1203    .text.HAL_UART_Transmit  stm32f1xx_hal_uart.o
    0x08002eb2   0x08002eb2   0x00000002   PAD
    0x08002eb4   0x08002eb4   0x0000001e   Code   RO          291    .text.HAL_UART_TxCpltCallback  main.o
    0x08002ed2   0x08002ed2   0x00000002   PAD
    0x08002ed4   0x08002ed4   0x00000002   Code   RO          320    .text.HardFault_Handler  stm32f1xx_it.o
    0x08002ed6   0x08002ed6   0x00000002   PAD
    0x08002ed8   0x08002ed8   0x00000112   Code   RO          437    .text.I2C_RequestMemoryRead  stm32f1xx_hal_i2c.o
    0x08002fea   0x08002fea   0x00000002   PAD
    0x08002fec   0x08002fec   0x000000c8   Code   RO          433    .text.I2C_RequestMemoryWrite  stm32f1xx_hal_i2c.o
    0x080030b4   0x080030b4   0x000000ba   Code   RO          401    .text.I2C_WaitOnBTFFlagUntilTimeout  stm32f1xx_hal_i2c.o
    0x0800316e   0x0800316e   0x00000002   PAD
    0x08003170   0x08003170   0x000001ca   Code   RO          397    .text.I2C_WaitOnFlagUntilTimeout  stm32f1xx_hal_i2c.o
    0x0800333a   0x0800333a   0x00000002   PAD
    0x0800333c   0x0800333c   0x000000d6   Code   RO          515    .text.I2C_WaitOnMasterAddressFlagUntilTimeout  stm32f1xx_hal_i2c.o
    0x08003412   0x08003412   0x00000002   PAD
    0x08003414   0x08003414   0x00000090   Code   RO          405    .text.I2C_WaitOnRXNEFlagUntilTimeout  stm32f1xx_hal_i2c.o
    0x080034a4   0x080034a4   0x000000ba   Code   RO          399    .text.I2C_WaitOnTXEFlagUntilTimeout  stm32f1xx_hal_i2c.o
    0x0800355e   0x0800355e   0x00000002   PAD
    0x08003560   0x08003560   0x00000002   Code   RO          322    .text.MemManage_Handler  stm32f1xx_it.o
    0x08003562   0x08003562   0x00000002   PAD
    0x08003564   0x08003564   0x00000002   Code   RO          318    .text.NMI_Handler   stm32f1xx_it.o
    0x08003566   0x08003566   0x00000002   PAD
    0x08003568   0x08003568   0x00000002   Code   RO          332    .text.PendSV_Handler  stm32f1xx_it.o
    0x0800356a   0x0800356a   0x00000002   PAD
    0x0800356c   0x0800356c   0x00000002   Code   RO          328    .text.SVC_Handler   stm32f1xx_it.o
    0x0800356e   0x0800356e   0x00000002   PAD
    0x08003570   0x08003570   0x00000004   Code   RO          334    .text.SysTick_Handler  stm32f1xx_it.o
    0x08003574   0x08003574   0x00000002   Code   RO         1309    .text.SystemInit    system_stm32f1xx.o
    0x08003576   0x08003576   0x00000002   PAD
    0x08003578   0x08003578   0x0000000c   Code   RO          340    .text.TIM2_IRQHandler  stm32f1xx_it.o
    0x08003584   0x08003584   0x0000000c   Code   RO         1269    .text.UART_DMAAbortOnError  stm32f1xx_hal_uart.o
    0x08003590   0x08003590   0x0000017c   Code   RO         1219    .text.UART_DMAError  stm32f1xx_hal_uart.o
    0x0800370c   0x0800370c   0x0000015e   Code   RO         1297    .text.UART_DMAReceiveCplt  stm32f1xx_hal_uart.o
    0x0800386a   0x0800386a   0x00000002   PAD
    0x0800386c   0x0800386c   0x00000018   Code   RO         1299    .text.UART_DMARxHalfCplt  stm32f1xx_hal_uart.o
    0x08003884   0x08003884   0x000000fe   Code   RO         1267    .text.UART_Receive_IT  stm32f1xx_hal_uart.o
    0x08003982   0x08003982   0x00000002   PAD
    0x08003984   0x08003984   0x0000000c   Code   RO          342    .text.USART1_IRQHandler  stm32f1xx_it.o
    0x08003990   0x08003990   0x00000002   Code   RO          326    .text.UsageFault_Handler  stm32f1xx_it.o
    0x08003992   0x08003992   0x00000002   PAD
    0x08003994   0x08003994   0x00000008   Code   RO          165    .text.VL53L1X_ClearInterrupt  vl53l1x_api.o
    0x0800399c   0x0800399c   0x0000001a   Code   RO          189    .text.VL53L1X_GetDistance  vl53l1x_api.o
    0x080039b6   0x080039b6   0x00000002   PAD
    0x080039b8   0x080039b8   0x00000030   Code   RO          201    .text.VL53L1X_GetRangeStatus  vl53l1x_api.o
    0x080039e8   0x080039e8   0x000000e2   Code   RO          159    .text.VL53L1X_SensorInit  vl53l1x_api.o
    0x08003aca   0x08003aca   0x00000002   PAD
    0x08003acc   0x08003acc   0x0000013a   Code   RO          179    .text.VL53L1X_SetDistanceMode  vl53l1x_api.o
    0x08003c06   0x08003c06   0x00000002   PAD
    0x08003c08   0x08003c08   0x0000011c   Code   RO          173    .text.VL53L1X_SetTimingBudgetInMs  vl53l1x_api.o
    0x08003d24   0x08003d24   0x00000008   Code   RO          161    .text.VL53L1X_StartRanging  vl53l1x_api.o
    0x08003d2c   0x08003d2c   0x00000038   Code   RO          128    .text.VL53L1_RdByte  vl53l1_platform.o
    0x08003d64   0x08003d64   0x00000040   Code   RO          130    .text.VL53L1_RdWord  vl53l1_platform.o
    0x08003da4   0x08003da4   0x00000038   Code   RO          134    .text.VL53L1_ReadMulti  vl53l1_platform.o
    0x08003ddc   0x08003ddc   0x00000006   Code   RO          144    .text.VL53L1_WaitMs  vl53l1_platform.o
    0x08003de2   0x08003de2   0x00000002   PAD
    0x08003de4   0x08003de4   0x0000003e   Code   RO          136    .text.VL53L1_WrByte  vl53l1_platform.o
    0x08003e22   0x08003e22   0x00000002   PAD
    0x08003e24   0x08003e24   0x0000003c   Code   RO          140    .text.VL53L1_WrDWord  vl53l1_platform.o
    0x08003e60   0x08003e60   0x00000040   Code   RO          138    .text.VL53L1_WrWord  vl53l1_platform.o
    0x08003ea0   0x08003ea0   0x00000244   Code   RO          241    .text.VL53L1__Init  vl53l1x_api.o
    0x080040e4   0x080040e4   0x00000066   Code   RO          239    .text.VL53L1__Xshut  vl53l1x_api.o
    0x0800414a   0x0800414a   0x00000002   PAD
    0x0800414c   0x0800414c   0x0000002a   Code   RO          279    .text.__NVIC_SystemReset  main.o
    0x08004176   0x08004176   0x00000002   PAD
    0x08004178   0x08004178   0x0000000c   Code   RO           77    .text.bno055_assignI2C  bno055_stm32_platform.o
    0x08004184   0x08004184   0x00000004   Code   RO           79    .text.bno055_delay  bno055_stm32_platform.o
    0x08004188   0x08004188   0x00000064   Code   RO           57    .text.bno055_get_vector_euler  bno055_driver.o
    0x080041ec   0x080041ec   0x0000005c   Code   RO           83    .text.bno055_read_data  bno055_stm32_platform.o
    0x08004248   0x08004248   0x0000001c   Code   RO           15    .text.bno055_set_operation_mode  bno055_driver.o
    0x08004264   0x08004264   0x00000054   Code   RO           27    .text.bno055_setup  bno055_driver.o
    0x080042b8   0x080042b8   0x00000044   Code   RO           81    .text.bno055_write_data  bno055_stm32_platform.o
    0x080042fc   0x080042fc   0x000006c6   Code   RO          267    .text.main          main.o
    0x080049c2   0x080049c2   0x00000002   PAD
    0x080049c4   0x080049c4   0x0000000c   Code   RO          126    .text.vl53l1x_assignI2C  vl53l1_platform.o
    0x080049d0   0x080049d0   0x0000005a   Code   RO         1371    x$fpl$dfixu         fz_ws.l(dfixu.o)
    0x08004a2a   0x08004a2a   0x00000026   Code   RO         1375    x$fpl$dfltu         fz_ws.l(dflt_clz.o)
    0x08004a50   0x08004a50   0x00000154   Code   RO         1381    x$fpl$dmul          fz_ws.l(dmul.o)
    0x08004ba4   0x08004ba4   0x0000009c   Code   RO         1417    x$fpl$dnaninf       fz_ws.l(dnaninf.o)
    0x08004c40   0x08004c40   0x0000000c   Code   RO         1419    x$fpl$dretinf       fz_ws.l(dretinf.o)
    0x08004c4c   0x08004c4c   0x00000054   Code   RO         1389    x$fpl$fcmp          fz_ws.l(fcmp.o)
    0x08004ca0   0x08004ca0   0x00000018   Code   RO         1453    x$fpl$fcmpinf       fz_ws.l(fcmpi.o)
    0x08004cb8   0x08004cb8   0x00000184   Code   RO         1392    x$fpl$fdiv          fz_ws.l(fdiv.o)
    0x08004e3c   0x08004e3c   0x00000068   Code   RO         1421    x$fpl$feqf          fz_ws.l(feqf.o)
    0x08004ea4   0x08004ea4   0x00000030   Code   RO         1400    x$fpl$fflt          fz_ws.l(fflt_clz.o)
    0x08004ed4   0x08004ed4   0x00000026   Code   RO         1399    x$fpl$ffltu         fz_ws.l(fflt_clz.o)
    0x08004efa   0x08004efa   0x00000002   PAD
    0x08004efc   0x08004efc   0x00000068   Code   RO         1423    x$fpl$fgeqf         fz_ws.l(fgeqf.o)
    0x08004f64   0x08004f64   0x00000068   Code   RO         1425    x$fpl$fleqf         fz_ws.l(fleqf.o)
    0x08004fcc   0x08004fcc   0x0000008c   Code   RO         1427    x$fpl$fnaninf       fz_ws.l(fnaninf.o)
    0x08005058   0x08005058   0x0000000a   Code   RO         1429    x$fpl$fretinf       fz_ws.l(fretinf.o)
    0x08005062   0x08005062   0x00000000   Code   RO         1431    x$fpl$usenofp       fz_ws.l(usenofp.o)
    0x08005062   0x08005062   0x00000010   Data   RO         1314    .rodata.AHBPrescTable  system_stm32f1xx.o
    0x08005072   0x08005072   0x00000008   Data   RO         1315    .rodata.APBPrescTable  system_stm32f1xx.o
    0x0800507a   0x0800507a   0x00000002   Data   RO          614    .rodata.HAL_RCC_GetSysClockFreq.aPredivFactorTable  stm32f1xx_hal_rcc.o
    0x0800507c   0x0800507c   0x0000005b   Data   RO          243    .rodata.VL51L1X_DEFAULT_CONFIGURATION  vl53l1x_api.o
    0x080050d7   0x080050d7   0x00000010   Data   RO          613    .rodata.cst16       stm32f1xx_hal_rcc.o
    0x080050e7   0x080050e7   0x00000018   Data   RO          244    .rodata.status_rtn  vl53l1x_api.o
    0x080050ff   0x080050ff   0x00000001   PAD
    0x08005100   0x08005100   0x00000020   Data   RO         1603    Region$$Table       anon$$obj.o


    Execution Region RW_IRAM1 (Exec base: 0x20000000, Load base: 0x08005120, Size: 0x00000888, Max: 0x00005000, ABSOLUTE)

    Exec Addr    Load Addr    Size         Type   Attr      Idx    E Section Name        Object

    0x20000000   0x08005120   0x0000000a   Data   RW           68    .data..L_MergedGlobals  bno055_driver.o
    0x2000000a   0x0800512a   0x00000002   PAD
    0x2000000c   0x0800512c   0x00000008   Data   RW          576    .data..L_MergedGlobals  stm32f1xx_hal.o
    0x20000014   0x08005134   0x00000004   Data   RW         1313    .data.SystemCoreClock  system_stm32f1xx.o
    0x20000018   0x08005138   0x00000004   Data   RW          299    .data.error_code    main.o
    0x2000001c   0x0800513c   0x00000001   Data   RW          297    .data.uart_ready    main.o
    0x2000001d   0x0800513d   0x00000003   PAD
    0x20000020        -       0x00000060   Zero   RW         1468    .bss                c_w.l(libspace.o)
    0x20000080        -       0x0000007c   Zero   RW          309    .bss..L_MergedGlobals  main.o
    0x200000fc        -       0x00000004   Zero   RW           85    .bss._bno055_i2c_port  bno055_stm32_platform.o
    0x20000100        -       0x00000004   Zero   RW          146    .bss._vl53l1x_i2c_port  vl53l1_platform.o
    0x20000104        -       0x00000044   Zero   RW          305    .bss.hdma_usart1_tx  main.o
    0x20000148        -       0x00000054   Zero   RW          304    .bss.hi2c1          main.o
    0x2000019c        -       0x00000054   Zero   RW          303    .bss.hi2c2          main.o
    0x200001f0        -       0x00000048   Zero   RW          302    .bss.htim2          main.o
    0x20000238        -       0x00000048   Zero   RW          301    .bss.huart1         main.o
    0x20000280        -       0x00000004   Zero   RW          575    .bss.uwTick         stm32f1xx_hal.o
    0x20000284   0x0800513d   0x00000004   PAD
    0x20000288        -       0x00000200   Zero   RW            2    HEAP                startup_stm32f103xb.o
    0x20000488        -       0x00000400   Zero   RW            1    STACK               startup_stm32f103xb.o


==============================================================================

Image component sizes


      Code (inc. data)   RO Data    RW Data    ZI Data      Debug   Object Name

       212          0          0         10          0      10620   bno055_driver.o
       176          0          0          0          4       4652   bno055_stm32_platform.o
      2106          0          0          5        504      19036   main.o
        64         26        236          0       1536        796   startup_stm32f103xb.o
       188          0          0          8          4       5782   stm32f1xx_hal.o
       196          0          0          0          0       8437   stm32f1xx_hal_cortex.o
       960          0          0          0          0       8585   stm32f1xx_hal_dma.o
       560         22          0          0          0       4779   stm32f1xx_hal_gpio.o
      4708          0          0          0          0      45131   stm32f1xx_hal_i2c.o
       106          0          0          0          0       1630   stm32f1xx_hal_iwdg.o
       578          0          0          0          0       9661   stm32f1xx_hal_msp.o
      1542          0         18          0          0       8090   stm32f1xx_hal_rcc.o
      1118          0          0          0          0      58594   stm32f1xx_hal_tim.o
       130          0          0          0          0      21235   stm32f1xx_hal_tim_ex.o
      3528          0          0          0          0      33175   stm32f1xx_hal_uart.o
        68          0          0          0          0       5843   stm32f1xx_it.o
         2          0         24          4          0       1601   system_stm32f1xx.o
       380          0          0          0          4       6187   vl53l1_platform.o
      1596         38        115          0          0      20435   vl53l1x_api.o

    ----------------------------------------------------------------------
     18336         86        426         32       2056     274269   Object Totals
         0          0         32          0          0          0   (incl. Generated)
       118          0          1          5          4          0   (incl. Padding)

    ----------------------------------------------------------------------

      Code (inc. data)   RO Data    RW Data    ZI Data      Debug   Library Member Name

         8          0          0          0          0         68   __main.o
         0          0          0          0          0          0   __rtentry.o
        12          0          0          0          0          0   __rtentry2.o
         6          0          0          0          0          0   __rtentry4.o
        94          8          0          0          0          0   __scatter.o
        26          0          0          0          0          0   __scatter_copy.o
        28          0          0          0          0          0   __scatter_zi.o
        18          0          0          0          0         80   exit.o
         6          0          0          0          0        152   heapauxi.o
         0          0          0          0          0          0   indicate_semi.o
         2          0          0          0          0          0   libinit.o
         2          0          0          0          0          0   libinit2.o
         2          0          0          0          0          0   libshutdown.o
         2          0          0          0          0          0   libshutdown2.o
         8          4          0          0         96         68   libspace.o
         2          0          0          0          0          0   rtexit.o
        10          0          0          0          0          0   rtexit2.o
        12          4          0          0          0         68   sys_exit.o
        74          0          0          0          0         80   sys_stackheap_outer.o
         2          0          0          0          0         68   use_no_semi.o
        90          4          0          0          0         92   dfixu.o
        38          0          0          0          0         68   dflt_clz.o
       340         12          0          0          0        104   dmul.o
       156          4          0          0          0         92   dnaninf.o
        12          0          0          0          0         68   dretinf.o
        84          0          0          0          0        196   fcmp.o
        24          0          0          0          0         68   fcmpi.o
       388         76          0          0          0         96   fdiv.o
       104          4          0          0          0         84   feqf.o
        86          0          0          0          0        136   fflt_clz.o
       104          4          0          0          0         84   fgeqf.o
       104          4          0          0          0         84   fleqf.o
       140          4          0          0          0         84   fnaninf.o
        10          0          0          0          0         68   fretinf.o
         0          0          0          0          0          0   usenofp.o

    ----------------------------------------------------------------------
      2006        128          0          0         96       1908   Library Totals
        12          0          0          0          0          0   (incl. Padding)

    ----------------------------------------------------------------------

      Code (inc. data)   RO Data    RW Data    ZI Data      Debug   Library Name

       314         16          0          0         96        584   c_w.l
      1680        112          0          0          0       1324   fz_ws.l

    ----------------------------------------------------------------------
      2006        128          0          0         96       1908   Library Totals

    ----------------------------------------------------------------------

==============================================================================


      Code (inc. data)   RO Data    RW Data    ZI Data      Debug   

     20342        214        426         32       2152     275017   Grand Totals
     20342        214        426         32       2152     275017   ELF Image Totals
     20342        214        426         32          0          0   ROM Totals

==============================================================================

    Total RO  Size (Code + RO Data)                20768 (  20.28kB)
    Total RW  Size (RW Data + ZI Data)              2184 (   2.13kB)
    Total ROM Size (Code + RO Data + RW Data)      20800 (  20.31kB)

==============================================================================

